<?xml version="1.0" encoding="ISO-8859-1" ?>
<link_info>
   <banner>TI ARM Linker PC v18.1.1.LTS</banner>
   <copyright>Copyright (c) 1996-2017 Texas Instruments Incorporated</copyright>
   <link_time>0x5c8fbd5d</link_time>
   <link_errors>0x0</link_errors>
   <output_file>RTOS_Project1.out</output_file>
   <entry_point>
      <name>_c_int00_noargs</name>
      <address>0x2871</address>
   </entry_point>
   <input_file_list>
      <input_file id="fl-2">
         <path>.\</path>
         <kind>object</kind>
         <file>LCD.obj</file>
         <name>LCD.obj</name>
      </input_file>
      <input_file id="fl-3">
         <path>.\</path>
         <kind>object</kind>
         <file>main.obj</file>
         <name>main.obj</name>
      </input_file>
      <input_file id="fl-4">
         <path>.\</path>
         <kind>object</kind>
         <file>tasks.obj</file>
         <name>tasks.obj</name>
      </input_file>
      <input_file id="fl-5">
         <path>.\</path>
         <kind>object</kind>
         <file>tm4c123gh6pm_startup_ccs.obj</file>
         <name>tm4c123gh6pm_startup_ccs.obj</name>
      </input_file>
      <input_file id="fl-6">
         <path>.\FreeRTOS\</path>
         <kind>object</kind>
         <file>croutine.obj</file>
         <name>croutine.obj</name>
      </input_file>
      <input_file id="fl-7">
         <path>.\FreeRTOS\</path>
         <kind>object</kind>
         <file>event_groups.obj</file>
         <name>event_groups.obj</name>
      </input_file>
      <input_file id="fl-8">
         <path>.\FreeRTOS\</path>
         <kind>object</kind>
         <file>list.obj</file>
         <name>list.obj</name>
      </input_file>
      <input_file id="fl-9">
         <path>.\FreeRTOS\</path>
         <kind>object</kind>
         <file>queue.obj</file>
         <name>queue.obj</name>
      </input_file>
      <input_file id="fl-a">
         <path>.\FreeRTOS\</path>
         <kind>object</kind>
         <file>stream_buffer.obj</file>
         <name>stream_buffer.obj</name>
      </input_file>
      <input_file id="fl-b">
         <path>.\FreeRTOS\</path>
         <kind>object</kind>
         <file>tasks.obj</file>
         <name>tasks.obj</name>
      </input_file>
      <input_file id="fl-c">
         <path>.\FreeRTOS\</path>
         <kind>object</kind>
         <file>timers.obj</file>
         <name>timers.obj</name>
      </input_file>
      <input_file id="fl-d">
         <path>.\FreeRTOS\portable\CCS\ARM_CM4F\</path>
         <kind>object</kind>
         <file>port.obj</file>
         <name>port.obj</name>
      </input_file>
      <input_file id="fl-e">
         <path>.\FreeRTOS\portable\CCS\ARM_CM4F\</path>
         <kind>object</kind>
         <file>portasm.obj</file>
         <name>portasm.obj</name>
      </input_file>
      <input_file id="fl-f">
         <path>.\FreeRTOS\portable\MemMang\</path>
         <kind>object</kind>
         <file>heap_1.obj</file>
         <name>heap_1.obj</name>
      </input_file>
      <input_file id="fl-14">
         <kind>object</kind>
         <file>&lt;internal&gt;</file>
         <name>&lt;internal&gt;</name>
      </input_file>
      <input_file id="fl-ca">
         <path>C:\ti\ccsv8\tools\compiler\ti-cgt-arm_18.1.1.LTS\lib\</path>
         <kind>archive</kind>
         <file>rtsv7M4_T_le_v4SPD16_eabi.lib</file>
         <name>memcpy_t2.asm.obj</name>
      </input_file>
      <input_file id="fl-cb">
         <path>C:\ti\ccsv8\tools\compiler\ti-cgt-arm_18.1.1.LTS\lib\</path>
         <kind>archive</kind>
         <file>rtsv7M4_T_le_v4SPD16_eabi.lib</file>
         <name>memset_t2.asm.obj</name>
      </input_file>
      <input_file id="fl-cc">
         <path>C:\ti\ccsv8\tools\compiler\ti-cgt-arm_18.1.1.LTS\lib\</path>
         <kind>archive</kind>
         <file>rtsv7M4_T_le_v4SPD16_eabi.lib</file>
         <name>copy_zero_init.c.obj</name>
      </input_file>
      <input_file id="fl-cd">
         <path>C:\ti\ccsv8\tools\compiler\ti-cgt-arm_18.1.1.LTS\lib\</path>
         <kind>archive</kind>
         <file>rtsv7M4_T_le_v4SPD16_eabi.lib</file>
         <name>copy_decompress_none.c.obj</name>
      </input_file>
      <input_file id="fl-ce">
         <path>C:\ti\ccsv8\tools\compiler\ti-cgt-arm_18.1.1.LTS\lib\</path>
         <kind>archive</kind>
         <file>rtsv7M4_T_le_v4SPD16_eabi.lib</file>
         <name>copy_decompress_lzss.c.obj</name>
      </input_file>
      <input_file id="fl-cf">
         <path>C:\ti\ccsv8\tools\compiler\ti-cgt-arm_18.1.1.LTS\lib\</path>
         <kind>archive</kind>
         <file>rtsv7M4_T_le_v4SPD16_eabi.lib</file>
         <name>boot_cortex_m.c.obj</name>
      </input_file>
      <input_file id="fl-d0">
         <path>C:\ti\ccsv8\tools\compiler\ti-cgt-arm_18.1.1.LTS\lib\</path>
         <kind>archive</kind>
         <file>rtsv7M4_T_le_v4SPD16_eabi.lib</file>
         <name>exit.c.obj</name>
      </input_file>
      <input_file id="fl-d1">
         <path>C:\ti\ccsv8\tools\compiler\ti-cgt-arm_18.1.1.LTS\lib\</path>
         <kind>archive</kind>
         <file>rtsv7M4_T_le_v4SPD16_eabi.lib</file>
         <name>_lock.c.obj</name>
      </input_file>
      <input_file id="fl-d2">
         <path>C:\ti\ccsv8\tools\compiler\ti-cgt-arm_18.1.1.LTS\lib\</path>
         <kind>archive</kind>
         <file>rtsv7M4_T_le_v4SPD16_eabi.lib</file>
         <name>args_main.c.obj</name>
      </input_file>
      <input_file id="fl-d3">
         <path>C:\ti\ccsv8\tools\compiler\ti-cgt-arm_18.1.1.LTS\lib\</path>
         <kind>archive</kind>
         <file>rtsv7M4_T_le_v4SPD16_eabi.lib</file>
         <name>autoinit.c.obj</name>
      </input_file>
      <input_file id="fl-d4">
         <path>C:\ti\ccsv8\tools\compiler\ti-cgt-arm_18.1.1.LTS\lib\</path>
         <kind>archive</kind>
         <file>rtsv7M4_T_le_v4SPD16_eabi.lib</file>
         <name>pre_init.c.obj</name>
      </input_file>
      <input_file id="fl-d5">
         <path>C:\ti\ccsv8\tools\compiler\ti-cgt-arm_18.1.1.LTS\lib\</path>
         <kind>archive</kind>
         <file>rtsv7M4_T_le_v4SPD16_eabi.lib</file>
         <name>cpy_tbl.c.obj</name>
      </input_file>
      <input_file id="fl-d6">
         <path>C:\ti\TivaWare_C_Series-2.1.4.178\driverlib\ccs\Debug\</path>
         <kind>archive</kind>
         <file>driverlib.lib</file>
         <name>gpio.obj</name>
      </input_file>
      <input_file id="fl-d7">
         <path>C:\ti\TivaWare_C_Series-2.1.4.178\driverlib\ccs\Debug\</path>
         <kind>archive</kind>
         <file>driverlib.lib</file>
         <name>interrupt.obj</name>
      </input_file>
      <input_file id="fl-d8">
         <path>C:\ti\TivaWare_C_Series-2.1.4.178\driverlib\ccs\Debug\</path>
         <kind>archive</kind>
         <file>driverlib.lib</file>
         <name>sysctl.obj</name>
      </input_file>
      <input_file id="fl-d9">
         <path>C:\ti\TivaWare_C_Series-2.1.4.178\driverlib\ccs\Debug\</path>
         <kind>archive</kind>
         <file>driverlib.lib</file>
         <name>cpu.obj</name>
      </input_file>
   </input_file_list>
   <object_component_list>
      <object_component id="oc-f">
         <name>.intvecs</name>
         <load_address>0x0</load_address>
         <run_address>0x0</run_address>
         <size>0x26c</size>
         <input_file_ref idref="fl-5"/>
      </object_component>
      <object_component id="oc-7c">
         <name>.text</name>
         <load_address>0x26c</load_address>
         <run_address>0x26c</run_address>
         <size>0x180c</size>
         <input_file_ref idref="fl-b"/>
      </object_component>
      <object_component id="oc-131">
         <name>.text</name>
         <load_address>0x1a78</load_address>
         <run_address>0x1a78</run_address>
         <size>0x328</size>
         <input_file_ref idref="fl-4"/>
      </object_component>
      <object_component id="oc-1d9">
         <name>.text</name>
         <load_address>0x1da0</load_address>
         <run_address>0x1da0</run_address>
         <size>0x1d4</size>
         <input_file_ref idref="fl-2"/>
      </object_component>
      <object_component id="oc-1d3">
         <name>.text:GPIOPadConfigSet</name>
         <load_address>0x1f74</load_address>
         <run_address>0x1f74</run_address>
         <size>0x132</size>
         <input_file_ref idref="fl-d6"/>
      </object_component>
      <object_component id="oc-e1">
         <name>.text</name>
         <load_address>0x20a6</load_address>
         <run_address>0x20a6</run_address>
         <size>0x12a</size>
         <input_file_ref idref="fl-8"/>
      </object_component>
      <object_component id="oc-2f">
         <name>.text</name>
         <load_address>0x21d0</load_address>
         <run_address>0x21d0</run_address>
         <size>0x128</size>
         <input_file_ref idref="fl-d"/>
      </object_component>
      <object_component id="oc-bf">
         <name>.text</name>
         <load_address>0x22f8</load_address>
         <run_address>0x22f8</run_address>
         <size>0x110</size>
         <input_file_ref idref="fl-3"/>
      </object_component>
      <object_component id="oc-12b">
         <name>.text:SysCtlClockSet</name>
         <load_address>0x2408</load_address>
         <run_address>0x2408</run_address>
         <size>0xf4</size>
         <input_file_ref idref="fl-d8"/>
      </object_component>
      <object_component id="oc-2a">
         <name>.text</name>
         <load_address>0x24fc</load_address>
         <run_address>0x24fc</run_address>
         <size>0xda</size>
         <input_file_ref idref="fl-e"/>
      </object_component>
      <object_component id="oc-db">
         <name>.text</name>
         <load_address>0x25d8</load_address>
         <run_address>0x25d8</run_address>
         <size>0x9c</size>
         <input_file_ref idref="fl-f"/>
      </object_component>
      <object_component id="oc-43">
         <name>.text</name>
         <load_address>0x2674</load_address>
         <run_address>0x2674</run_address>
         <size>0x9c</size>
         <input_file_ref idref="fl-ca"/>
      </object_component>
      <object_component id="oc-b3">
         <name>.text</name>
         <load_address>0x2710</load_address>
         <run_address>0x2710</run_address>
         <size>0x7a</size>
         <input_file_ref idref="fl-cb"/>
      </object_component>
      <object_component id="oc-12">
         <name>.text:decompress:lzss:__TI_decompress_lzss</name>
         <load_address>0x278a</load_address>
         <run_address>0x278a</run_address>
         <size>0x68</size>
         <input_file_ref idref="fl-ce"/>
      </object_component>
      <object_component id="oc-14b">
         <name>.text:__TI_auto_init_nobinit_nopinit:__TI_auto_init_nobinit_nopinit</name>
         <load_address>0x27f4</load_address>
         <run_address>0x27f4</run_address>
         <size>0x44</size>
         <input_file_ref idref="fl-d3"/>
      </object_component>
      <object_component id="oc-1c1">
         <name>.text:SysCtlPeripheralReady</name>
         <load_address>0x2838</load_address>
         <run_address>0x2838</run_address>
         <size>0x38</size>
         <input_file_ref idref="fl-d8"/>
      </object_component>
      <object_component id="oc-61">
         <name>.text:_c_int00_noargs:_c_int00_noargs</name>
         <load_address>0x2870</load_address>
         <run_address>0x2870</run_address>
         <size>0x38</size>
         <input_file_ref idref="fl-cf"/>
      </object_component>
      <object_component id="oc-1bb">
         <name>.text:SysCtlPeripheralEnable</name>
         <load_address>0x28a8</load_address>
         <run_address>0x28a8</run_address>
         <size>0x34</size>
         <input_file_ref idref="fl-d8"/>
      </object_component>
      <object_component id="oc-22d">
         <name>.text:GPIODirModeSet</name>
         <load_address>0x28dc</load_address>
         <run_address>0x28dc</run_address>
         <size>0x2a</size>
         <input_file_ref idref="fl-d6"/>
      </object_component>
      <object_component id="oc-1c7">
         <name>.text:GPIOPinTypeGPIOOutput</name>
         <load_address>0x2906</load_address>
         <run_address>0x2906</run_address>
         <size>0x18</size>
         <input_file_ref idref="fl-d6"/>
      </object_component>
      <object_component id="oc-1cd">
         <name>.text:GPIOPinTypeGPIOInput</name>
         <load_address>0x291e</load_address>
         <run_address>0x291e</run_address>
         <size>0x12</size>
         <input_file_ref idref="fl-d6"/>
      </object_component>
      <object_component id="oc-18">
         <name>.text:decompress:none:__TI_decompress_none</name>
         <load_address>0x2930</load_address>
         <run_address>0x2930</run_address>
         <size>0xe</size>
         <input_file_ref idref="fl-cd"/>
      </object_component>
      <object_component id="oc-55">
         <name>.text:decompress:ZI:__TI_zero_init</name>
         <load_address>0x293e</load_address>
         <run_address>0x293e</run_address>
         <size>0xc</size>
         <input_file_ref idref="fl-cc"/>
      </object_component>
      <object_component id="oc-24">
         <name>.text</name>
         <load_address>0x294a</load_address>
         <run_address>0x294a</run_address>
         <size>0xc</size>
         <input_file_ref idref="fl-5"/>
      </object_component>
      <object_component id="oc-1df">
         <name>.text:GPIOPinRead</name>
         <load_address>0x2956</load_address>
         <run_address>0x2956</run_address>
         <size>0x6</size>
         <input_file_ref idref="fl-d6"/>
      </object_component>
      <object_component id="oc-1b5">
         <name>.text:GPIOPinWrite</name>
         <load_address>0x295c</load_address>
         <run_address>0x295c</run_address>
         <size>0x6</size>
         <input_file_ref idref="fl-d6"/>
      </object_component>
      <object_component id="oc-1ad">
         <name>.text:SysCtlDelay</name>
         <load_address>0x2962</load_address>
         <run_address>0x2962</run_address>
         <size>0x6</size>
         <input_file_ref idref="fl-d8"/>
      </object_component>
      <object_component id="oc-b9">
         <name>.text:_system_pre_init</name>
         <load_address>0x2968</load_address>
         <run_address>0x2968</run_address>
         <size>0x4</size>
         <input_file_ref idref="fl-d4"/>
      </object_component>
      <object_component id="oc-13f">
         <name>.text:abort:abort</name>
         <load_address>0x296c</load_address>
         <run_address>0x296c</run_address>
         <size>0x4</size>
         <input_file_ref idref="fl-d0"/>
      </object_component>
      <object_component id="oc-79">
         <name>.const</name>
         <load_address>0x2970</load_address>
         <run_address>0x2970</run_address>
         <size>0x4</size>
         <input_file_ref idref="fl-d"/>
      </object_component>
      <object_component id="oc-2be">
         <name>.cinit..data.load</name>
         <load_address>0x2978</load_address>
         <run_address>0x2978</run_address>
         <size>0x72</size>
      </object_component>
      <object_component id="oc-2bc">
         <name>__TI_handler_table</name>
         <load_address>0x29ec</load_address>
         <run_address>0x29ec</run_address>
         <size>0xc</size>
      </object_component>
      <object_component id="oc-2bf">
         <name>.cinit..bss.load</name>
         <load_address>0x29f8</load_address>
         <run_address>0x29f8</run_address>
         <size>0x8</size>
      </object_component>
      <object_component id="oc-2bd">
         <name>__TI_cinit_table</name>
         <load_address>0x2a00</load_address>
         <run_address>0x2a00</run_address>
         <size>0x10</size>
      </object_component>
      <object_component id="oc-13a">
         <name>.data</name>
         <load_address>0x200078cc</load_address>
         <run_address>0x200078cc</run_address>
         <size>0x6</size>
         <input_file_ref idref="fl-4"/>
      </object_component>
      <object_component id="oc-238">
         <name>.data:Word1</name>
         <load_address>0x200078b1</load_address>
         <run_address>0x200078b1</run_address>
         <size>0xa</size>
         <input_file_ref idref="fl-4"/>
      </object_component>
      <object_component id="oc-23b">
         <name>.data:Word2</name>
         <load_address>0x20007892</load_address>
         <run_address>0x20007892</run_address>
         <size>0x10</size>
         <input_file_ref idref="fl-4"/>
      </object_component>
      <object_component id="oc-23e">
         <name>.data:Word3</name>
         <load_address>0x200078a2</load_address>
         <run_address>0x200078a2</run_address>
         <size>0xf</size>
         <input_file_ref idref="fl-4"/>
      </object_component>
      <object_component id="oc-241">
         <name>.data:Word4</name>
         <load_address>0x200078bb</load_address>
         <run_address>0x200078bb</run_address>
         <size>0x9</size>
         <input_file_ref idref="fl-4"/>
      </object_component>
      <object_component id="oc-244">
         <name>.data:Word5</name>
         <load_address>0x20007880</load_address>
         <run_address>0x20007880</run_address>
         <size>0x12</size>
         <input_file_ref idref="fl-4"/>
      </object_component>
      <object_component id="oc-1e7">
         <name>.data:ptr_Words</name>
         <load_address>0x2000786c</load_address>
         <run_address>0x2000786c</run_address>
         <size>0x14</size>
         <input_file_ref idref="fl-4"/>
      </object_component>
      <object_component id="oc-76">
         <name>.data</name>
         <load_address>0x20007838</load_address>
         <run_address>0x20007838</run_address>
         <size>0x34</size>
         <input_file_ref idref="fl-b"/>
      </object_component>
      <object_component id="oc-83">
         <name>.data</name>
         <load_address>0x200078d4</load_address>
         <run_address>0x200078d4</run_address>
         <size>0x4</size>
         <input_file_ref idref="fl-d"/>
      </object_component>
      <object_component id="oc-193">
         <name>.data</name>
         <load_address>0x200078c4</load_address>
         <run_address>0x200078c4</run_address>
         <size>0x8</size>
         <input_file_ref idref="fl-f"/>
      </object_component>
      <object_component id="oc-e7">
         <name>.bss:pxReadyTasksLists</name>
         <uninitialized>true</uninitialized>
         <run_address>0x20007530</run_address>
         <size>0x8c</size>
         <input_file_ref idref="fl-b"/>
      </object_component>
      <object_component id="oc-f6">
         <name>.bss:xDelayedTaskList1</name>
         <uninitialized>true</uninitialized>
         <run_address>0x200075bc</run_address>
         <size>0x14</size>
         <input_file_ref idref="fl-b"/>
      </object_component>
      <object_component id="oc-f9">
         <name>.bss:xDelayedTaskList2</name>
         <uninitialized>true</uninitialized>
         <run_address>0x200075d0</run_address>
         <size>0x14</size>
         <input_file_ref idref="fl-b"/>
      </object_component>
      <object_component id="oc-ed">
         <name>.bss</name>
         <uninitialized>true</uninitialized>
         <run_address>0x20007620</run_address>
         <size>0x8</size>
         <input_file_ref idref="fl-b"/>
      </object_component>
      <object_component id="oc-f3">
         <name>.bss:xPendingReadyList</name>
         <uninitialized>true</uninitialized>
         <run_address>0x200075e4</run_address>
         <size>0x14</size>
         <input_file_ref idref="fl-b"/>
      </object_component>
      <object_component id="oc-ea">
         <name>.bss:xTasksWaitingTermination</name>
         <uninitialized>true</uninitialized>
         <run_address>0x2000760c</run_address>
         <size>0x14</size>
         <input_file_ref idref="fl-b"/>
      </object_component>
      <object_component id="oc-f0">
         <name>.bss:xSuspendedTaskList</name>
         <uninitialized>true</uninitialized>
         <run_address>0x200075f8</run_address>
         <size>0x14</size>
         <input_file_ref idref="fl-b"/>
      </object_component>
      <object_component id="oc-196">
         <name>.bss:ucHeap</name>
         <uninitialized>true</uninitialized>
         <run_address>0x20000000</run_address>
         <size>0x7530</size>
         <input_file_ref idref="fl-f"/>
      </object_component>
      <object_component id="oc-1e5">
         <name>.common:x</name>
         <uninitialized>true</uninitialized>
         <run_address>0x20007632</run_address>
         <size>0x1</size>
      </object_component>
      <object_component id="oc-1e6">
         <name>.common:BTN_Counter</name>
         <uninitialized>true</uninitialized>
         <run_address>0x20007630</run_address>
         <size>0x2</size>
      </object_component>
      <object_component id="oc-137">
         <name>.common:LED1TaskHandle</name>
         <uninitialized>true</uninitialized>
         <run_address>0x20007628</run_address>
         <size>0x4</size>
      </object_component>
      <object_component id="oc-13d">
         <name>.common:LED2TaskHandle</name>
         <uninitialized>true</uninitialized>
         <run_address>0x2000762c</run_address>
         <size>0x4</size>
      </object_component>
      <object_component id="oc-21">
         <name>.stack</name>
         <uninitialized>true</uninitialized>
         <run_address>0x20007638</run_address>
         <size>0x4</size>
         <input_file_ref idref="fl-cf"/>
      </object_component>
      <object_component id="oc-2c0">
         <name>.stack</name>
         <uninitialized>true</uninitialized>
         <run_address>0x20007638</run_address>
         <size>0x0</size>
      </object_component>
      <object_component id="oc-115">
         <name>.debug_info</name>
         <load_address>0x0</load_address>
         <run_address>0x0</run_address>
         <size>0x3b7</size>
         <input_file_ref idref="fl-2"/>
      </object_component>
      <object_component id="oc-1da">
         <name>.debug_info</name>
         <load_address>0x3b7</load_address>
         <run_address>0x3b7</run_address>
         <size>0x4a3</size>
         <input_file_ref idref="fl-2"/>
      </object_component>
      <object_component id="oc-106">
         <name>.debug_info</name>
         <load_address>0x85a</load_address>
         <run_address>0x85a</run_address>
         <size>0x315</size>
         <input_file_ref idref="fl-2"/>
      </object_component>
      <object_component id="oc-94">
         <name>.debug_info</name>
         <load_address>0xb6f</load_address>
         <run_address>0xb6f</run_address>
         <size>0x26b</size>
         <input_file_ref idref="fl-2"/>
      </object_component>
      <object_component id="oc-110">
         <name>.debug_info</name>
         <load_address>0xdda</load_address>
         <run_address>0xdda</run_address>
         <size>0x461</size>
         <input_file_ref idref="fl-2"/>
      </object_component>
      <object_component id="oc-3e">
         <name>.debug_info</name>
         <load_address>0x123b</load_address>
         <run_address>0x123b</run_address>
         <size>0x84</size>
         <input_file_ref idref="fl-2"/>
      </object_component>
      <object_component id="oc-88">
         <name>.debug_info</name>
         <load_address>0x12bf</load_address>
         <run_address>0x12bf</run_address>
         <size>0x2c</size>
         <input_file_ref idref="fl-2"/>
      </object_component>
      <object_component id="oc-116">
         <name>.debug_info</name>
         <load_address>0x12eb</load_address>
         <run_address>0x12eb</run_address>
         <size>0x297</size>
         <input_file_ref idref="fl-2"/>
      </object_component>
      <object_component id="oc-99">
         <name>.debug_info</name>
         <load_address>0x1582</load_address>
         <run_address>0x1582</run_address>
         <size>0xbb</size>
         <input_file_ref idref="fl-2"/>
      </object_component>
      <object_component id="oc-101">
         <name>.debug_info</name>
         <load_address>0x163d</load_address>
         <run_address>0x163d</run_address>
         <size>0x53</size>
         <input_file_ref idref="fl-2"/>
      </object_component>
      <object_component id="oc-8d">
         <name>.debug_info</name>
         <load_address>0x1690</load_address>
         <run_address>0x1690</run_address>
         <size>0x53</size>
         <input_file_ref idref="fl-2"/>
      </object_component>
      <object_component id="oc-10b">
         <name>.debug_info</name>
         <load_address>0x16e3</load_address>
         <run_address>0x16e3</run_address>
         <size>0x14c</size>
         <input_file_ref idref="fl-2"/>
      </object_component>
      <object_component id="oc-249">
         <name>.debug_info</name>
         <load_address>0x182f</load_address>
         <run_address>0x182f</run_address>
         <size>0x587</size>
         <input_file_ref idref="fl-3"/>
      </object_component>
      <object_component id="oc-c0">
         <name>.debug_info</name>
         <load_address>0x1db6</load_address>
         <run_address>0x1db6</run_address>
         <size>0x193</size>
         <input_file_ref idref="fl-3"/>
      </object_component>
      <object_component id="oc-1ed">
         <name>.debug_info</name>
         <load_address>0x1f49</load_address>
         <run_address>0x1f49</run_address>
         <size>0x4f</size>
         <input_file_ref idref="fl-3"/>
      </object_component>
      <object_component id="oc-138">
         <name>.debug_info</name>
         <load_address>0x1f98</load_address>
         <run_address>0x1f98</run_address>
         <size>0x761</size>
         <input_file_ref idref="fl-4"/>
      </object_component>
      <object_component id="oc-13b">
         <name>.debug_info</name>
         <load_address>0x26f9</load_address>
         <run_address>0x26f9</run_address>
         <size>0x13f</size>
         <input_file_ref idref="fl-4"/>
      </object_component>
      <object_component id="oc-239">
         <name>.debug_info</name>
         <load_address>0x2838</load_address>
         <run_address>0x2838</run_address>
         <size>0xcd</size>
         <input_file_ref idref="fl-4"/>
      </object_component>
      <object_component id="oc-23c">
         <name>.debug_info</name>
         <load_address>0x2905</load_address>
         <run_address>0x2905</run_address>
         <size>0xcd</size>
         <input_file_ref idref="fl-4"/>
      </object_component>
      <object_component id="oc-23f">
         <name>.debug_info</name>
         <load_address>0x29d2</load_address>
         <run_address>0x29d2</run_address>
         <size>0xcd</size>
         <input_file_ref idref="fl-4"/>
      </object_component>
      <object_component id="oc-242">
         <name>.debug_info</name>
         <load_address>0x2a9f</load_address>
         <run_address>0x2a9f</run_address>
         <size>0xcd</size>
         <input_file_ref idref="fl-4"/>
      </object_component>
      <object_component id="oc-245">
         <name>.debug_info</name>
         <load_address>0x2b6c</load_address>
         <run_address>0x2b6c</run_address>
         <size>0xcd</size>
         <input_file_ref idref="fl-4"/>
      </object_component>
      <object_component id="oc-1e8">
         <name>.debug_info</name>
         <load_address>0x2c39</load_address>
         <run_address>0x2c39</run_address>
         <size>0xd5</size>
         <input_file_ref idref="fl-4"/>
      </object_component>
      <object_component id="oc-132">
         <name>.debug_info</name>
         <load_address>0x2d0e</load_address>
         <run_address>0x2d0e</run_address>
         <size>0xafe</size>
         <input_file_ref idref="fl-4"/>
      </object_component>
      <object_component id="oc-1f2">
         <name>.debug_info</name>
         <load_address>0x380c</load_address>
         <run_address>0x380c</run_address>
         <size>0x8b</size>
         <input_file_ref idref="fl-4"/>
      </object_component>
      <object_component id="oc-37">
         <name>.debug_info</name>
         <load_address>0x3897</load_address>
         <run_address>0x3897</run_address>
         <size>0x32f</size>
         <input_file_ref idref="fl-5"/>
      </object_component>
      <object_component id="oc-10">
         <name>.debug_info</name>
         <load_address>0x3bc6</load_address>
         <run_address>0x3bc6</run_address>
         <size>0xee</size>
         <input_file_ref idref="fl-5"/>
      </object_component>
      <object_component id="oc-25">
         <name>.debug_info</name>
         <load_address>0x3cb4</load_address>
         <run_address>0x3cb4</run_address>
         <size>0x26a</size>
         <input_file_ref idref="fl-5"/>
      </object_component>
      <object_component id="oc-219">
         <name>.debug_info</name>
         <load_address>0x3f1e</load_address>
         <run_address>0x3f1e</run_address>
         <size>0x632</size>
         <input_file_ref idref="fl-7"/>
      </object_component>
      <object_component id="oc-184">
         <name>.debug_info</name>
         <load_address>0x4550</load_address>
         <run_address>0x4550</run_address>
         <size>0x110</size>
         <input_file_ref idref="fl-7"/>
      </object_component>
      <object_component id="oc-18e">
         <name>.debug_info</name>
         <load_address>0x4660</load_address>
         <run_address>0x4660</run_address>
         <size>0x461</size>
         <input_file_ref idref="fl-7"/>
      </object_component>
      <object_component id="oc-26d">
         <name>.debug_info</name>
         <load_address>0x4ac1</load_address>
         <run_address>0x4ac1</run_address>
         <size>0x76</size>
         <input_file_ref idref="fl-7"/>
      </object_component>
      <object_component id="oc-272">
         <name>.debug_info</name>
         <load_address>0x4b37</load_address>
         <run_address>0x4b37</run_address>
         <size>0x39</size>
         <input_file_ref idref="fl-7"/>
      </object_component>
      <object_component id="oc-17f">
         <name>.debug_info</name>
         <load_address>0x4b70</load_address>
         <run_address>0x4b70</run_address>
         <size>0x4f</size>
         <input_file_ref idref="fl-7"/>
      </object_component>
      <object_component id="oc-19c">
         <name>.debug_info</name>
         <load_address>0x4bbf</load_address>
         <run_address>0x4bbf</run_address>
         <size>0x364</size>
         <input_file_ref idref="fl-8"/>
      </object_component>
      <object_component id="oc-e2">
         <name>.debug_info</name>
         <load_address>0x4f23</load_address>
         <run_address>0x4f23</run_address>
         <size>0x4aa</size>
         <input_file_ref idref="fl-8"/>
      </object_component>
      <object_component id="oc-122">
         <name>.debug_info</name>
         <load_address>0x53cd</load_address>
         <run_address>0x53cd</run_address>
         <size>0x2c</size>
         <input_file_ref idref="fl-a"/>
      </object_component>
      <object_component id="oc-d3">
         <name>.debug_info</name>
         <load_address>0x53f9</load_address>
         <run_address>0x53f9</run_address>
         <size>0x735</size>
         <input_file_ref idref="fl-b"/>
      </object_component>
      <object_component id="oc-77">
         <name>.debug_info</name>
         <load_address>0x5b2e</load_address>
         <run_address>0x5b2e</run_address>
         <size>0x347</size>
         <input_file_ref idref="fl-b"/>
      </object_component>
      <object_component id="oc-e8">
         <name>.debug_info</name>
         <load_address>0x5e75</load_address>
         <run_address>0x5e75</run_address>
         <size>0xee</size>
         <input_file_ref idref="fl-b"/>
      </object_component>
      <object_component id="oc-f7">
         <name>.debug_info</name>
         <load_address>0x5f63</load_address>
         <run_address>0x5f63</run_address>
         <size>0xee</size>
         <input_file_ref idref="fl-b"/>
      </object_component>
      <object_component id="oc-fa">
         <name>.debug_info</name>
         <load_address>0x6051</load_address>
         <run_address>0x6051</run_address>
         <size>0xee</size>
         <input_file_ref idref="fl-b"/>
      </object_component>
      <object_component id="oc-ee">
         <name>.debug_info</name>
         <load_address>0x613f</load_address>
         <run_address>0x613f</run_address>
         <size>0x131</size>
         <input_file_ref idref="fl-b"/>
      </object_component>
      <object_component id="oc-f4">
         <name>.debug_info</name>
         <load_address>0x6270</load_address>
         <run_address>0x6270</run_address>
         <size>0xee</size>
         <input_file_ref idref="fl-b"/>
      </object_component>
      <object_component id="oc-eb">
         <name>.debug_info</name>
         <load_address>0x635e</load_address>
         <run_address>0x635e</run_address>
         <size>0xfc</size>
         <input_file_ref idref="fl-b"/>
      </object_component>
      <object_component id="oc-f1">
         <name>.debug_info</name>
         <load_address>0x645a</load_address>
         <run_address>0x645a</run_address>
         <size>0xf0</size>
         <input_file_ref idref="fl-b"/>
      </object_component>
      <object_component id="oc-7d">
         <name>.debug_info</name>
         <load_address>0x654a</load_address>
         <run_address>0x654a</run_address>
         <size>0x488b</size>
         <input_file_ref idref="fl-b"/>
      </object_component>
      <object_component id="oc-d4">
         <name>.debug_info</name>
         <load_address>0xadd5</load_address>
         <run_address>0xadd5</run_address>
         <size>0x30c</size>
         <input_file_ref idref="fl-b"/>
      </object_component>
      <object_component id="oc-189">
         <name>.debug_info</name>
         <load_address>0xb0e1</load_address>
         <run_address>0xb0e1</run_address>
         <size>0x144</size>
         <input_file_ref idref="fl-b"/>
      </object_component>
      <object_component id="oc-87">
         <name>.debug_info</name>
         <load_address>0xb225</load_address>
         <run_address>0xb225</run_address>
         <size>0x3ff</size>
         <input_file_ref idref="fl-d"/>
      </object_component>
      <object_component id="oc-7a">
         <name>.debug_info</name>
         <load_address>0xb624</load_address>
         <run_address>0xb624</run_address>
         <size>0x11b</size>
         <input_file_ref idref="fl-d"/>
      </object_component>
      <object_component id="oc-84">
         <name>.debug_info</name>
         <load_address>0xb73f</load_address>
         <run_address>0xb73f</run_address>
         <size>0x102</size>
         <input_file_ref idref="fl-d"/>
      </object_component>
      <object_component id="oc-30">
         <name>.debug_info</name>
         <load_address>0xb841</load_address>
         <run_address>0xb841</run_address>
         <size>0x6b5</size>
         <input_file_ref idref="fl-d"/>
      </object_component>
      <object_component id="oc-2b">
         <name>.debug_info</name>
         <load_address>0xbef6</load_address>
         <run_address>0xbef6</run_address>
         <size>0x253</size>
         <input_file_ref idref="fl-e"/>
      </object_component>
      <object_component id="oc-19a">
         <name>.debug_info</name>
         <load_address>0xc149</load_address>
         <run_address>0xc149</run_address>
         <size>0x402</size>
         <input_file_ref idref="fl-f"/>
      </object_component>
      <object_component id="oc-197">
         <name>.debug_info</name>
         <load_address>0xc54b</load_address>
         <run_address>0xc54b</run_address>
         <size>0xe9</size>
         <input_file_ref idref="fl-f"/>
      </object_component>
      <object_component id="oc-194">
         <name>.debug_info</name>
         <load_address>0xc634</load_address>
         <run_address>0xc634</run_address>
         <size>0xf7</size>
         <input_file_ref idref="fl-f"/>
      </object_component>
      <object_component id="oc-dc">
         <name>.debug_info</name>
         <load_address>0xc72b</load_address>
         <run_address>0xc72b</run_address>
         <size>0x3cf</size>
         <input_file_ref idref="fl-f"/>
      </object_component>
      <object_component id="oc-44">
         <name>.debug_info</name>
         <load_address>0xcafa</load_address>
         <run_address>0xcafa</run_address>
         <size>0x111</size>
         <input_file_ref idref="fl-ca"/>
      </object_component>
      <object_component id="oc-b5">
         <name>.debug_info</name>
         <load_address>0xcc0b</load_address>
         <run_address>0xcc0b</run_address>
         <size>0x13f</size>
         <input_file_ref idref="fl-cb"/>
      </object_component>
      <object_component id="oc-b2">
         <name>.debug_info</name>
         <load_address>0xcd4a</load_address>
         <run_address>0xcd4a</run_address>
         <size>0x313</size>
         <input_file_ref idref="fl-cc"/>
      </object_component>
      <object_component id="oc-59">
         <name>.debug_info</name>
         <load_address>0xd05d</load_address>
         <run_address>0xd05d</run_address>
         <size>0x1aa</size>
         <input_file_ref idref="fl-cc"/>
      </object_component>
      <object_component id="oc-ad">
         <name>.debug_info</name>
         <load_address>0xd207</load_address>
         <run_address>0xd207</run_address>
         <size>0x46</size>
         <input_file_ref idref="fl-cc"/>
      </object_component>
      <object_component id="oc-4e">
         <name>.debug_info</name>
         <load_address>0xd24d</load_address>
         <run_address>0xd24d</run_address>
         <size>0x29d</size>
         <input_file_ref idref="fl-cd"/>
      </object_component>
      <object_component id="oc-19">
         <name>.debug_info</name>
         <load_address>0xd4ea</load_address>
         <run_address>0xd4ea</run_address>
         <size>0x1df</size>
         <input_file_ref idref="fl-cd"/>
      </object_component>
      <object_component id="oc-49">
         <name>.debug_info</name>
         <load_address>0xd6c9</load_address>
         <run_address>0xd6c9</run_address>
         <size>0x46</size>
         <input_file_ref idref="fl-cd"/>
      </object_component>
      <object_component id="oc-a5">
         <name>.debug_info</name>
         <load_address>0xd70f</load_address>
         <run_address>0xd70f</run_address>
         <size>0x2c</size>
         <input_file_ref idref="fl-cd"/>
      </object_component>
      <object_component id="oc-a3">
         <name>.debug_info</name>
         <load_address>0xd73b</load_address>
         <run_address>0xd73b</run_address>
         <size>0x293</size>
         <input_file_ref idref="fl-ce"/>
      </object_component>
      <object_component id="oc-14">
         <name>.debug_info</name>
         <load_address>0xd9ce</load_address>
         <run_address>0xd9ce</run_address>
         <size>0x245</size>
         <input_file_ref idref="fl-ce"/>
      </object_component>
      <object_component id="oc-39">
         <name>.debug_info</name>
         <load_address>0xdc13</load_address>
         <run_address>0xdc13</run_address>
         <size>0x60</size>
         <input_file_ref idref="fl-ce"/>
      </object_component>
      <object_component id="oc-11b">
         <name>.debug_info</name>
         <load_address>0xdc73</load_address>
         <run_address>0xdc73</run_address>
         <size>0x46</size>
         <input_file_ref idref="fl-ce"/>
      </object_component>
      <object_component id="oc-9e">
         <name>.debug_info</name>
         <load_address>0xdcb9</load_address>
         <run_address>0xdcb9</run_address>
         <size>0x39</size>
         <input_file_ref idref="fl-ce"/>
      </object_component>
      <object_component id="oc-22">
         <name>.debug_info</name>
         <load_address>0xdcf2</load_address>
         <run_address>0xdcf2</run_address>
         <size>0x100</size>
         <input_file_ref idref="fl-cf"/>
      </object_component>
      <object_component id="oc-64">
         <name>.debug_info</name>
         <load_address>0xddf2</load_address>
         <run_address>0xddf2</run_address>
         <size>0x1a4</size>
         <input_file_ref idref="fl-cf"/>
      </object_component>
      <object_component id="oc-143">
         <name>.debug_info</name>
         <load_address>0xdf96</load_address>
         <run_address>0xdf96</run_address>
         <size>0x117</size>
         <input_file_ref idref="fl-d0"/>
      </object_component>
      <object_component id="oc-204">
         <name>.debug_info</name>
         <load_address>0xe0ad</load_address>
         <run_address>0xe0ad</run_address>
         <size>0x547</size>
         <input_file_ref idref="fl-d3"/>
      </object_component>
      <object_component id="oc-14f">
         <name>.debug_info</name>
         <load_address>0xe5f4</load_address>
         <run_address>0xe5f4</run_address>
         <size>0x19b</size>
         <input_file_ref idref="fl-d3"/>
      </object_component>
      <object_component id="oc-25a">
         <name>.debug_info</name>
         <load_address>0xe78f</load_address>
         <run_address>0xe78f</run_address>
         <size>0x39</size>
         <input_file_ref idref="fl-d3"/>
      </object_component>
      <object_component id="oc-289">
         <name>.debug_info</name>
         <load_address>0xe7c8</load_address>
         <run_address>0xe7c8</run_address>
         <size>0x39</size>
         <input_file_ref idref="fl-d3"/>
      </object_component>
      <object_component id="oc-25f">
         <name>.debug_info</name>
         <load_address>0xe801</load_address>
         <run_address>0xe801</run_address>
         <size>0x39</size>
         <input_file_ref idref="fl-d3"/>
      </object_component>
      <object_component id="oc-264">
         <name>.debug_info</name>
         <load_address>0xe83a</load_address>
         <run_address>0xe83a</run_address>
         <size>0xcd</size>
         <input_file_ref idref="fl-d3"/>
      </object_component>
      <object_component id="oc-bc">
         <name>.debug_info</name>
         <load_address>0xe907</load_address>
         <run_address>0xe907</run_address>
         <size>0x148</size>
         <input_file_ref idref="fl-d4"/>
      </object_component>
      <object_component id="oc-22a">
         <name>.debug_info</name>
         <load_address>0xea4f</load_address>
         <run_address>0xea4f</run_address>
         <size>0x240</size>
         <input_file_ref idref="fl-d6"/>
      </object_component>
      <object_component id="oc-1b7">
         <name>.debug_info</name>
         <load_address>0xec8f</load_address>
         <run_address>0xec8f</run_address>
         <size>0x2a3</size>
         <input_file_ref idref="fl-d6"/>
      </object_component>
      <object_component id="oc-22f">
         <name>.debug_info</name>
         <load_address>0xef32</load_address>
         <run_address>0xef32</run_address>
         <size>0x2b3</size>
         <input_file_ref idref="fl-d6"/>
      </object_component>
      <object_component id="oc-1d5">
         <name>.debug_info</name>
         <load_address>0xf1e5</load_address>
         <run_address>0xf1e5</run_address>
         <size>0x316</size>
         <input_file_ref idref="fl-d6"/>
      </object_component>
      <object_component id="oc-1c9">
         <name>.debug_info</name>
         <load_address>0xf4fb</load_address>
         <run_address>0xf4fb</run_address>
         <size>0x2b7</size>
         <input_file_ref idref="fl-d6"/>
      </object_component>
      <object_component id="oc-1cf">
         <name>.debug_info</name>
         <load_address>0xf7b2</load_address>
         <run_address>0xf7b2</run_address>
         <size>0x285</size>
         <input_file_ref idref="fl-d6"/>
      </object_component>
      <object_component id="oc-1e1">
         <name>.debug_info</name>
         <load_address>0xfa37</load_address>
         <run_address>0xfa37</run_address>
         <size>0x27b</size>
         <input_file_ref idref="fl-d6"/>
      </object_component>
      <object_component id="oc-1af">
         <name>.debug_info</name>
         <load_address>0xfcb2</load_address>
         <run_address>0xfcb2</run_address>
         <size>0x18b</size>
         <input_file_ref idref="fl-d6"/>
      </object_component>
      <object_component id="oc-1b4">
         <name>.debug_info</name>
         <load_address>0xfe3d</load_address>
         <run_address>0xfe3d</run_address>
         <size>0x298</size>
         <input_file_ref idref="fl-d8"/>
      </object_component>
      <object_component id="oc-1c2">
         <name>.debug_info</name>
         <load_address>0x100d5</load_address>
         <run_address>0x100d5</run_address>
         <size>0x27f</size>
         <input_file_ref idref="fl-d8"/>
      </object_component>
      <object_component id="oc-1bd">
         <name>.debug_info</name>
         <load_address>0x10354</load_address>
         <run_address>0x10354</run_address>
         <size>0x27d</size>
         <input_file_ref idref="fl-d8"/>
      </object_component>
      <object_component id="oc-12c">
         <name>.debug_info</name>
         <load_address>0x105d1</load_address>
         <run_address>0x105d1</run_address>
         <size>0x2db</size>
         <input_file_ref idref="fl-d8"/>
      </object_component>
      <object_component id="oc-224">
         <name>.debug_info</name>
         <load_address>0x108ac</load_address>
         <run_address>0x108ac</run_address>
         <size>0x5f</size>
         <input_file_ref idref="fl-d8"/>
      </object_component>
      <object_component id="oc-2c1">
         <name>.debug_info</name>
         <load_address>0x1090b</load_address>
         <run_address>0x1090b</run_address>
         <size>0xa4</size>
      </object_component>
      <object_component id="oc-1ac">
         <name>.debug_line</name>
         <load_address>0x0</load_address>
         <run_address>0x0</run_address>
         <size>0xa1</size>
         <input_file_ref idref="fl-2"/>
      </object_component>
      <object_component id="oc-1dd">
         <name>.debug_line</name>
         <load_address>0xa1</load_address>
         <run_address>0xa1</run_address>
         <size>0xba</size>
         <input_file_ref idref="fl-2"/>
      </object_component>
      <object_component id="oc-109">
         <name>.debug_line</name>
         <load_address>0x15b</load_address>
         <run_address>0x15b</run_address>
         <size>0x6b</size>
         <input_file_ref idref="fl-2"/>
      </object_component>
      <object_component id="oc-97">
         <name>.debug_line</name>
         <load_address>0x1c6</load_address>
         <run_address>0x1c6</run_address>
         <size>0x69</size>
         <input_file_ref idref="fl-2"/>
      </object_component>
      <object_component id="oc-113">
         <name>.debug_line</name>
         <load_address>0x22f</load_address>
         <run_address>0x22f</run_address>
         <size>0x6f</size>
         <input_file_ref idref="fl-2"/>
      </object_component>
      <object_component id="oc-41">
         <name>.debug_line</name>
         <load_address>0x29e</load_address>
         <run_address>0x29e</run_address>
         <size>0x20</size>
         <input_file_ref idref="fl-2"/>
      </object_component>
      <object_component id="oc-8b">
         <name>.debug_line</name>
         <load_address>0x2be</load_address>
         <run_address>0x2be</run_address>
         <size>0x6f</size>
         <input_file_ref idref="fl-2"/>
      </object_component>
      <object_component id="oc-119">
         <name>.debug_line</name>
         <load_address>0x32d</load_address>
         <run_address>0x32d</run_address>
         <size>0x6d</size>
         <input_file_ref idref="fl-2"/>
      </object_component>
      <object_component id="oc-9c">
         <name>.debug_line</name>
         <load_address>0x39a</load_address>
         <run_address>0x39a</run_address>
         <size>0x6a</size>
         <input_file_ref idref="fl-2"/>
      </object_component>
      <object_component id="oc-104">
         <name>.debug_line</name>
         <load_address>0x404</load_address>
         <run_address>0x404</run_address>
         <size>0x65</size>
         <input_file_ref idref="fl-2"/>
      </object_component>
      <object_component id="oc-90">
         <name>.debug_line</name>
         <load_address>0x469</load_address>
         <run_address>0x469</run_address>
         <size>0x7e</size>
         <input_file_ref idref="fl-2"/>
      </object_component>
      <object_component id="oc-10e">
         <name>.debug_line</name>
         <load_address>0x4e7</load_address>
         <run_address>0x4e7</run_address>
         <size>0x6b</size>
         <input_file_ref idref="fl-2"/>
      </object_component>
      <object_component id="oc-285">
         <name>.debug_line</name>
         <load_address>0x552</load_address>
         <run_address>0x552</run_address>
         <size>0xb1</size>
         <input_file_ref idref="fl-3"/>
      </object_component>
      <object_component id="oc-c3">
         <name>.debug_line</name>
         <load_address>0x603</load_address>
         <run_address>0x603</run_address>
         <size>0x4d</size>
         <input_file_ref idref="fl-3"/>
      </object_component>
      <object_component id="oc-1f0">
         <name>.debug_line</name>
         <load_address>0x650</load_address>
         <run_address>0x650</run_address>
         <size>0x6c</size>
         <input_file_ref idref="fl-3"/>
      </object_component>
      <object_component id="oc-1ec">
         <name>.debug_line</name>
         <load_address>0x6bc</load_address>
         <run_address>0x6bc</run_address>
         <size>0xf3</size>
         <input_file_ref idref="fl-4"/>
      </object_component>
      <object_component id="oc-1f8">
         <name>.debug_line</name>
         <load_address>0x7af</load_address>
         <run_address>0x7af</run_address>
         <size>0x2e</size>
         <input_file_ref idref="fl-4"/>
      </object_component>
      <object_component id="oc-27b">
         <name>.debug_line</name>
         <load_address>0x7dd</load_address>
         <run_address>0x7dd</run_address>
         <size>0x2e</size>
         <input_file_ref idref="fl-4"/>
      </object_component>
      <object_component id="oc-27d">
         <name>.debug_line</name>
         <load_address>0x80b</load_address>
         <run_address>0x80b</run_address>
         <size>0x2e</size>
         <input_file_ref idref="fl-4"/>
      </object_component>
      <object_component id="oc-27f">
         <name>.debug_line</name>
         <load_address>0x839</load_address>
         <run_address>0x839</run_address>
         <size>0x2e</size>
         <input_file_ref idref="fl-4"/>
      </object_component>
      <object_component id="oc-281">
         <name>.debug_line</name>
         <load_address>0x867</load_address>
         <run_address>0x867</run_address>
         <size>0x2e</size>
         <input_file_ref idref="fl-4"/>
      </object_component>
      <object_component id="oc-283">
         <name>.debug_line</name>
         <load_address>0x895</load_address>
         <run_address>0x895</run_address>
         <size>0x2e</size>
         <input_file_ref idref="fl-4"/>
      </object_component>
      <object_component id="oc-248">
         <name>.debug_line</name>
         <load_address>0x8c3</load_address>
         <run_address>0x8c3</run_address>
         <size>0x2e</size>
         <input_file_ref idref="fl-4"/>
      </object_component>
      <object_component id="oc-135">
         <name>.debug_line</name>
         <load_address>0x8f1</load_address>
         <run_address>0x8f1</run_address>
         <size>0x17c</size>
         <input_file_ref idref="fl-4"/>
      </object_component>
      <object_component id="oc-1f5">
         <name>.debug_line</name>
         <load_address>0xa6d</load_address>
         <run_address>0xa6d</run_address>
         <size>0x20</size>
         <input_file_ref idref="fl-4"/>
      </object_component>
      <object_component id="oc-93">
         <name>.debug_line</name>
         <load_address>0xa8d</load_address>
         <run_address>0xa8d</run_address>
         <size>0x41</size>
         <input_file_ref idref="fl-5"/>
      </object_component>
      <object_component id="oc-36">
         <name>.debug_line</name>
         <load_address>0xace</load_address>
         <run_address>0xace</run_address>
         <size>0x41</size>
         <input_file_ref idref="fl-5"/>
      </object_component>
      <object_component id="oc-28">
         <name>.debug_line</name>
         <load_address>0xb0f</load_address>
         <run_address>0xb0f</run_address>
         <size>0xa1</size>
         <input_file_ref idref="fl-5"/>
      </object_component>
      <object_component id="oc-26c">
         <name>.debug_line</name>
         <load_address>0xbb0</load_address>
         <run_address>0xbb0</run_address>
         <size>0x163</size>
         <input_file_ref idref="fl-7"/>
      </object_component>
      <object_component id="oc-187">
         <name>.debug_line</name>
         <load_address>0xd13</load_address>
         <run_address>0xd13</run_address>
         <size>0x65</size>
         <input_file_ref idref="fl-7"/>
      </object_component>
      <object_component id="oc-191">
         <name>.debug_line</name>
         <load_address>0xd78</load_address>
         <run_address>0xd78</run_address>
         <size>0x6f</size>
         <input_file_ref idref="fl-7"/>
      </object_component>
      <object_component id="oc-270">
         <name>.debug_line</name>
         <load_address>0xde7</load_address>
         <run_address>0xde7</run_address>
         <size>0x3e</size>
         <input_file_ref idref="fl-7"/>
      </object_component>
      <object_component id="oc-275">
         <name>.debug_line</name>
         <load_address>0xe25</load_address>
         <run_address>0xe25</run_address>
         <size>0x73</size>
         <input_file_ref idref="fl-7"/>
      </object_component>
      <object_component id="oc-182">
         <name>.debug_line</name>
         <load_address>0xe98</load_address>
         <run_address>0xe98</run_address>
         <size>0x6d</size>
         <input_file_ref idref="fl-7"/>
      </object_component>
      <object_component id="oc-221">
         <name>.debug_line</name>
         <load_address>0xf05</load_address>
         <run_address>0xf05</run_address>
         <size>0x20</size>
         <input_file_ref idref="fl-8"/>
      </object_component>
      <object_component id="oc-e5">
         <name>.debug_line</name>
         <load_address>0xf25</load_address>
         <run_address>0xf25</run_address>
         <size>0xec</size>
         <input_file_ref idref="fl-8"/>
      </object_component>
      <object_component id="oc-125">
         <name>.debug_line</name>
         <load_address>0x1011</load_address>
         <run_address>0x1011</run_address>
         <size>0x65</size>
         <input_file_ref idref="fl-a"/>
      </object_component>
      <object_component id="oc-17e">
         <name>.debug_line</name>
         <load_address>0x1076</load_address>
         <run_address>0x1076</run_address>
         <size>0x15d</size>
         <input_file_ref idref="fl-b"/>
      </object_component>
      <object_component id="oc-d2">
         <name>.debug_line</name>
         <load_address>0x11d3</load_address>
         <run_address>0x11d3</run_address>
         <size>0x37</size>
         <input_file_ref idref="fl-b"/>
      </object_component>
      <object_component id="oc-19e">
         <name>.debug_line</name>
         <load_address>0x120a</load_address>
         <run_address>0x120a</run_address>
         <size>0x37</size>
         <input_file_ref idref="fl-b"/>
      </object_component>
      <object_component id="oc-1a8">
         <name>.debug_line</name>
         <load_address>0x1241</load_address>
         <run_address>0x1241</run_address>
         <size>0x37</size>
         <input_file_ref idref="fl-b"/>
      </object_component>
      <object_component id="oc-1aa">
         <name>.debug_line</name>
         <load_address>0x1278</load_address>
         <run_address>0x1278</run_address>
         <size>0x37</size>
         <input_file_ref idref="fl-b"/>
      </object_component>
      <object_component id="oc-1a2">
         <name>.debug_line</name>
         <load_address>0x12af</load_address>
         <run_address>0x12af</run_address>
         <size>0x37</size>
         <input_file_ref idref="fl-b"/>
      </object_component>
      <object_component id="oc-1a6">
         <name>.debug_line</name>
         <load_address>0x12e6</load_address>
         <run_address>0x12e6</run_address>
         <size>0x37</size>
         <input_file_ref idref="fl-b"/>
      </object_component>
      <object_component id="oc-1a0">
         <name>.debug_line</name>
         <load_address>0x131d</load_address>
         <run_address>0x131d</run_address>
         <size>0x37</size>
         <input_file_ref idref="fl-b"/>
      </object_component>
      <object_component id="oc-1a4">
         <name>.debug_line</name>
         <load_address>0x1354</load_address>
         <run_address>0x1354</run_address>
         <size>0x37</size>
         <input_file_ref idref="fl-b"/>
      </object_component>
      <object_component id="oc-80">
         <name>.debug_line</name>
         <load_address>0x138b</load_address>
         <run_address>0x138b</run_address>
         <size>0xdcd</size>
         <input_file_ref idref="fl-b"/>
      </object_component>
      <object_component id="oc-d7">
         <name>.debug_line</name>
         <load_address>0x2158</load_address>
         <run_address>0x2158</run_address>
         <size>0x6b</size>
         <input_file_ref idref="fl-b"/>
      </object_component>
      <object_component id="oc-18c">
         <name>.debug_line</name>
         <load_address>0x21c3</load_address>
         <run_address>0x21c3</run_address>
         <size>0x37</size>
         <input_file_ref idref="fl-b"/>
      </object_component>
      <object_component id="oc-100">
         <name>.debug_line</name>
         <load_address>0x21fa</load_address>
         <run_address>0x21fa</run_address>
         <size>0x97</size>
         <input_file_ref idref="fl-d"/>
      </object_component>
      <object_component id="oc-da">
         <name>.debug_line</name>
         <load_address>0x2291</load_address>
         <run_address>0x2291</run_address>
         <size>0x4c</size>
         <input_file_ref idref="fl-d"/>
      </object_component>
      <object_component id="oc-fe">
         <name>.debug_line</name>
         <load_address>0x22dd</load_address>
         <run_address>0x22dd</run_address>
         <size>0x4c</size>
         <input_file_ref idref="fl-d"/>
      </object_component>
      <object_component id="oc-33">
         <name>.debug_line</name>
         <load_address>0x2329</load_address>
         <run_address>0x2329</run_address>
         <size>0x145</size>
         <input_file_ref idref="fl-d"/>
      </object_component>
      <object_component id="oc-2e">
         <name>.debug_line</name>
         <load_address>0x246e</load_address>
         <run_address>0x246e</run_address>
         <size>0xe1</size>
         <input_file_ref idref="fl-e"/>
      </object_component>
      <object_component id="oc-21f">
         <name>.debug_line</name>
         <load_address>0x254f</load_address>
         <run_address>0x254f</run_address>
         <size>0x6b</size>
         <input_file_ref idref="fl-f"/>
      </object_component>
      <object_component id="oc-21d">
         <name>.debug_line</name>
         <load_address>0x25ba</load_address>
         <run_address>0x25ba</run_address>
         <size>0x49</size>
         <input_file_ref idref="fl-f"/>
      </object_component>
      <object_component id="oc-21b">
         <name>.debug_line</name>
         <load_address>0x2603</load_address>
         <run_address>0x2603</run_address>
         <size>0x49</size>
         <input_file_ref idref="fl-f"/>
      </object_component>
      <object_component id="oc-df">
         <name>.debug_line</name>
         <load_address>0x264c</load_address>
         <run_address>0x264c</run_address>
         <size>0xcc</size>
         <input_file_ref idref="fl-f"/>
      </object_component>
      <object_component id="oc-47">
         <name>.debug_line</name>
         <load_address>0x2718</load_address>
         <run_address>0x2718</run_address>
         <size>0x88</size>
         <input_file_ref idref="fl-ca"/>
      </object_component>
      <object_component id="oc-b7">
         <name>.debug_line</name>
         <load_address>0x27a0</load_address>
         <run_address>0x27a0</run_address>
         <size>0x79</size>
         <input_file_ref idref="fl-cb"/>
      </object_component>
      <object_component id="oc-128">
         <name>.debug_line</name>
         <load_address>0x2819</load_address>
         <run_address>0x2819</run_address>
         <size>0x9e</size>
         <input_file_ref idref="fl-cc"/>
      </object_component>
      <object_component id="oc-56">
         <name>.debug_line</name>
         <load_address>0x28b7</load_address>
         <run_address>0x28b7</run_address>
         <size>0x4f</size>
         <input_file_ref idref="fl-cc"/>
      </object_component>
      <object_component id="oc-b0">
         <name>.debug_line</name>
         <load_address>0x2906</load_address>
         <run_address>0x2906</run_address>
         <size>0x34</size>
         <input_file_ref idref="fl-cc"/>
      </object_component>
      <object_component id="oc-ab">
         <name>.debug_line</name>
         <load_address>0x293a</load_address>
         <run_address>0x293a</run_address>
         <size>0x20</size>
         <input_file_ref idref="fl-cd"/>
      </object_component>
      <object_component id="oc-1c">
         <name>.debug_line</name>
         <load_address>0x295a</load_address>
         <run_address>0x295a</run_address>
         <size>0x55</size>
         <input_file_ref idref="fl-cd"/>
      </object_component>
      <object_component id="oc-4c">
         <name>.debug_line</name>
         <load_address>0x29af</load_address>
         <run_address>0x29af</run_address>
         <size>0x3a</size>
         <input_file_ref idref="fl-cd"/>
      </object_component>
      <object_component id="oc-a8">
         <name>.debug_line</name>
         <load_address>0x29e9</load_address>
         <run_address>0x29e9</run_address>
         <size>0x8a</size>
         <input_file_ref idref="fl-cd"/>
      </object_component>
      <object_component id="oc-121">
         <name>.debug_line</name>
         <load_address>0x2a73</load_address>
         <run_address>0x2a73</run_address>
         <size>0x20</size>
         <input_file_ref idref="fl-ce"/>
      </object_component>
      <object_component id="oc-16">
         <name>.debug_line</name>
         <load_address>0x2a93</load_address>
         <run_address>0x2a93</run_address>
         <size>0xa9</size>
         <input_file_ref idref="fl-ce"/>
      </object_component>
      <object_component id="oc-3c">
         <name>.debug_line</name>
         <load_address>0x2b3c</load_address>
         <run_address>0x2b3c</run_address>
         <size>0x3a</size>
         <input_file_ref idref="fl-ce"/>
      </object_component>
      <object_component id="oc-11e">
         <name>.debug_line</name>
         <load_address>0x2b76</load_address>
         <run_address>0x2b76</run_address>
         <size>0x92</size>
         <input_file_ref idref="fl-ce"/>
      </object_component>
      <object_component id="oc-a1">
         <name>.debug_line</name>
         <load_address>0x2c08</load_address>
         <run_address>0x2c08</run_address>
         <size>0x8e</size>
         <input_file_ref idref="fl-ce"/>
      </object_component>
      <object_component id="oc-74">
         <name>.debug_line</name>
         <load_address>0x2c96</load_address>
         <run_address>0x2c96</run_address>
         <size>0x33</size>
         <input_file_ref idref="fl-cf"/>
      </object_component>
      <object_component id="oc-66">
         <name>.debug_line</name>
         <load_address>0x2cc9</load_address>
         <run_address>0x2cc9</run_address>
         <size>0x56</size>
         <input_file_ref idref="fl-cf"/>
      </object_component>
      <object_component id="oc-142">
         <name>.debug_line</name>
         <load_address>0x2d1f</load_address>
         <run_address>0x2d1f</run_address>
         <size>0x3c</size>
         <input_file_ref idref="fl-d0"/>
      </object_component>
      <object_component id="oc-259">
         <name>.debug_line</name>
         <load_address>0x2d5b</load_address>
         <run_address>0x2d5b</run_address>
         <size>0xb7</size>
         <input_file_ref idref="fl-d3"/>
      </object_component>
      <object_component id="oc-14d">
         <name>.debug_line</name>
         <load_address>0x2e12</load_address>
         <run_address>0x2e12</run_address>
         <size>0x6c</size>
         <input_file_ref idref="fl-d3"/>
      </object_component>
      <object_component id="oc-25d">
         <name>.debug_line</name>
         <load_address>0x2e7e</load_address>
         <run_address>0x2e7e</run_address>
         <size>0x2e</size>
         <input_file_ref idref="fl-d3"/>
      </object_component>
      <object_component id="oc-28c">
         <name>.debug_line</name>
         <load_address>0x2eac</load_address>
         <run_address>0x2eac</run_address>
         <size>0x92</size>
         <input_file_ref idref="fl-d3"/>
      </object_component>
      <object_component id="oc-262">
         <name>.debug_line</name>
         <load_address>0x2f3e</load_address>
         <run_address>0x2f3e</run_address>
         <size>0x8f</size>
         <input_file_ref idref="fl-d3"/>
      </object_component>
      <object_component id="oc-267">
         <name>.debug_line</name>
         <load_address>0x2fcd</load_address>
         <run_address>0x2fcd</run_address>
         <size>0x8b</size>
         <input_file_ref idref="fl-d3"/>
      </object_component>
      <object_component id="oc-bb">
         <name>.debug_line</name>
         <load_address>0x3058</load_address>
         <run_address>0x3058</run_address>
         <size>0x40</size>
         <input_file_ref idref="fl-d4"/>
      </object_component>
      <object_component id="oc-278">
         <name>.debug_line</name>
         <load_address>0x3098</load_address>
         <run_address>0x3098</run_address>
         <size>0x82</size>
         <input_file_ref idref="fl-d6"/>
      </object_component>
      <object_component id="oc-1b6">
         <name>.debug_line</name>
         <load_address>0x311a</load_address>
         <run_address>0x311a</run_address>
         <size>0x92</size>
         <input_file_ref idref="fl-d6"/>
      </object_component>
      <object_component id="oc-22e">
         <name>.debug_line</name>
         <load_address>0x31ac</load_address>
         <run_address>0x31ac</run_address>
         <size>0x95</size>
         <input_file_ref idref="fl-d6"/>
      </object_component>
      <object_component id="oc-1d4">
         <name>.debug_line</name>
         <load_address>0x3241</load_address>
         <run_address>0x3241</run_address>
         <size>0xd1</size>
         <input_file_ref idref="fl-d6"/>
      </object_component>
      <object_component id="oc-1c8">
         <name>.debug_line</name>
         <load_address>0x3312</load_address>
         <run_address>0x3312</run_address>
         <size>0x99</size>
         <input_file_ref idref="fl-d6"/>
      </object_component>
      <object_component id="oc-1ce">
         <name>.debug_line</name>
         <load_address>0x33ab</load_address>
         <run_address>0x33ab</run_address>
         <size>0x93</size>
         <input_file_ref idref="fl-d6"/>
      </object_component>
      <object_component id="oc-1e0">
         <name>.debug_line</name>
         <load_address>0x343e</load_address>
         <run_address>0x343e</run_address>
         <size>0x92</size>
         <input_file_ref idref="fl-d6"/>
      </object_component>
      <object_component id="oc-1b2">
         <name>.debug_line</name>
         <load_address>0x34d0</load_address>
         <run_address>0x34d0</run_address>
         <size>0x69</size>
         <input_file_ref idref="fl-d6"/>
      </object_component>
      <object_component id="oc-223">
         <name>.debug_line</name>
         <load_address>0x3539</load_address>
         <run_address>0x3539</run_address>
         <size>0x13d</size>
         <input_file_ref idref="fl-d8"/>
      </object_component>
      <object_component id="oc-1c5">
         <name>.debug_line</name>
         <load_address>0x3676</load_address>
         <run_address>0x3676</run_address>
         <size>0x94</size>
         <input_file_ref idref="fl-d8"/>
      </object_component>
      <object_component id="oc-1bc">
         <name>.debug_line</name>
         <load_address>0x370a</load_address>
         <run_address>0x370a</run_address>
         <size>0x94</size>
         <input_file_ref idref="fl-d8"/>
      </object_component>
      <object_component id="oc-12f">
         <name>.debug_line</name>
         <load_address>0x379e</load_address>
         <run_address>0x379e</run_address>
         <size>0xee</size>
         <input_file_ref idref="fl-d8"/>
      </object_component>
      <object_component id="oc-227">
         <name>.debug_line</name>
         <load_address>0x388c</load_address>
         <run_address>0x388c</run_address>
         <size>0x7f</size>
         <input_file_ref idref="fl-d8"/>
      </object_component>
      <object_component id="oc-1de">
         <name>.debug_frame</name>
         <load_address>0x0</load_address>
         <run_address>0x0</run_address>
         <size>0xa8</size>
         <input_file_ref idref="fl-2"/>
      </object_component>
      <object_component id="oc-c4">
         <name>.debug_frame</name>
         <load_address>0xa8</load_address>
         <run_address>0xa8</run_address>
         <size>0x60</size>
         <input_file_ref idref="fl-3"/>
      </object_component>
      <object_component id="oc-136">
         <name>.debug_frame</name>
         <load_address>0x108</load_address>
         <run_address>0x108</run_address>
         <size>0xec</size>
         <input_file_ref idref="fl-4"/>
      </object_component>
      <object_component id="oc-29">
         <name>.debug_frame</name>
         <load_address>0x1f4</load_address>
         <run_address>0x1f4</run_address>
         <size>0x90</size>
         <input_file_ref idref="fl-5"/>
      </object_component>
      <object_component id="oc-e6">
         <name>.debug_frame</name>
         <load_address>0x284</load_address>
         <run_address>0x284</run_address>
         <size>0xb8</size>
         <input_file_ref idref="fl-8"/>
      </object_component>
      <object_component id="oc-81">
         <name>.debug_frame</name>
         <load_address>0x33c</load_address>
         <run_address>0x33c</run_address>
         <size>0x680</size>
         <input_file_ref idref="fl-b"/>
      </object_component>
      <object_component id="oc-34">
         <name>.debug_frame</name>
         <load_address>0x9bc</load_address>
         <run_address>0x9bc</run_address>
         <size>0xec</size>
         <input_file_ref idref="fl-d"/>
      </object_component>
      <object_component id="oc-e0">
         <name>.debug_frame</name>
         <load_address>0xaa8</load_address>
         <run_address>0xaa8</run_address>
         <size>0x9c</size>
         <input_file_ref idref="fl-f"/>
      </object_component>
      <object_component id="oc-57">
         <name>.debug_frame</name>
         <load_address>0xb44</load_address>
         <run_address>0xb44</run_address>
         <size>0x54</size>
         <input_file_ref idref="fl-cc"/>
      </object_component>
      <object_component id="oc-1d">
         <name>.debug_frame</name>
         <load_address>0xb98</load_address>
         <run_address>0xb98</run_address>
         <size>0x54</size>
         <input_file_ref idref="fl-cd"/>
      </object_component>
      <object_component id="oc-17">
         <name>.debug_frame</name>
         <load_address>0xbec</load_address>
         <run_address>0xbec</run_address>
         <size>0x60</size>
         <input_file_ref idref="fl-ce"/>
      </object_component>
      <object_component id="oc-63">
         <name>.debug_frame</name>
         <load_address>0xc4c</load_address>
         <run_address>0xc4c</run_address>
         <size>0x58</size>
         <input_file_ref idref="fl-cf"/>
      </object_component>
      <object_component id="oc-141">
         <name>.debug_frame</name>
         <load_address>0xca4</load_address>
         <run_address>0xca4</run_address>
         <size>0x54</size>
         <input_file_ref idref="fl-d0"/>
      </object_component>
      <object_component id="oc-14e">
         <name>.debug_frame</name>
         <load_address>0xcf8</load_address>
         <run_address>0xcf8</run_address>
         <size>0x5c</size>
         <input_file_ref idref="fl-d3"/>
      </object_component>
      <object_component id="oc-ba">
         <name>.debug_frame</name>
         <load_address>0xd54</load_address>
         <run_address>0xd54</run_address>
         <size>0x54</size>
         <input_file_ref idref="fl-d4"/>
      </object_component>
      <object_component id="oc-1ba">
         <name>.debug_frame</name>
         <load_address>0xda8</load_address>
         <run_address>0xda8</run_address>
         <size>0x7f</size>
         <input_file_ref idref="fl-d6"/>
      </object_component>
      <object_component id="oc-232">
         <name>.debug_frame</name>
         <load_address>0xe27</load_address>
         <run_address>0xe27</run_address>
         <size>0x7f</size>
         <input_file_ref idref="fl-d6"/>
      </object_component>
      <object_component id="oc-1d8">
         <name>.debug_frame</name>
         <load_address>0xea6</load_address>
         <run_address>0xea6</run_address>
         <size>0x8f</size>
         <input_file_ref idref="fl-d6"/>
      </object_component>
      <object_component id="oc-1cc">
         <name>.debug_frame</name>
         <load_address>0xf35</load_address>
         <run_address>0xf35</run_address>
         <size>0x8a</size>
         <input_file_ref idref="fl-d6"/>
      </object_component>
      <object_component id="oc-1d2">
         <name>.debug_frame</name>
         <load_address>0xfbf</load_address>
         <run_address>0xfbf</run_address>
         <size>0x86</size>
         <input_file_ref idref="fl-d6"/>
      </object_component>
      <object_component id="oc-1e4">
         <name>.debug_frame</name>
         <load_address>0x1045</load_address>
         <run_address>0x1045</run_address>
         <size>0x7f</size>
         <input_file_ref idref="fl-d6"/>
      </object_component>
      <object_component id="oc-1c6">
         <name>.debug_frame</name>
         <load_address>0x10c4</load_address>
         <run_address>0x10c4</run_address>
         <size>0x7f</size>
         <input_file_ref idref="fl-d8"/>
      </object_component>
      <object_component id="oc-1c0">
         <name>.debug_frame</name>
         <load_address>0x1143</load_address>
         <run_address>0x1143</run_address>
         <size>0x7f</size>
         <input_file_ref idref="fl-d8"/>
      </object_component>
      <object_component id="oc-130">
         <name>.debug_frame</name>
         <load_address>0x11c2</load_address>
         <run_address>0x11c2</run_address>
         <size>0x93</size>
         <input_file_ref idref="fl-d8"/>
      </object_component>
      <object_component id="oc-1ab">
         <name>.debug_abbrev</name>
         <load_address>0x0</load_address>
         <run_address>0x0</run_address>
         <size>0xb4</size>
         <input_file_ref idref="fl-2"/>
      </object_component>
      <object_component id="oc-236">
         <name>.debug_abbrev</name>
         <load_address>0xb4</load_address>
         <run_address>0xb4</run_address>
         <size>0x7a</size>
         <input_file_ref idref="fl-2"/>
      </object_component>
      <object_component id="oc-108">
         <name>.debug_abbrev</name>
         <load_address>0x12e</load_address>
         <run_address>0x12e</run_address>
         <size>0x9f</size>
         <input_file_ref idref="fl-2"/>
      </object_component>
      <object_component id="oc-96">
         <name>.debug_abbrev</name>
         <load_address>0x1cd</load_address>
         <run_address>0x1cd</run_address>
         <size>0x69</size>
         <input_file_ref idref="fl-2"/>
      </object_component>
      <object_component id="oc-112">
         <name>.debug_abbrev</name>
         <load_address>0x236</load_address>
         <run_address>0x236</run_address>
         <size>0x70</size>
         <input_file_ref idref="fl-2"/>
      </object_component>
      <object_component id="oc-40">
         <name>.debug_abbrev</name>
         <load_address>0x2a6</load_address>
         <run_address>0x2a6</run_address>
         <size>0x1f</size>
         <input_file_ref idref="fl-2"/>
      </object_component>
      <object_component id="oc-8a">
         <name>.debug_abbrev</name>
         <load_address>0x2c5</load_address>
         <run_address>0x2c5</run_address>
         <size>0x24</size>
         <input_file_ref idref="fl-2"/>
      </object_component>
      <object_component id="oc-118">
         <name>.debug_abbrev</name>
         <load_address>0x2e9</load_address>
         <run_address>0x2e9</run_address>
         <size>0x5c</size>
         <input_file_ref idref="fl-2"/>
      </object_component>
      <object_component id="oc-9b">
         <name>.debug_abbrev</name>
         <load_address>0x345</load_address>
         <run_address>0x345</run_address>
         <size>0x24</size>
         <input_file_ref idref="fl-2"/>
      </object_component>
      <object_component id="oc-103">
         <name>.debug_abbrev</name>
         <load_address>0x369</load_address>
         <run_address>0x369</run_address>
         <size>0x24</size>
         <input_file_ref idref="fl-2"/>
      </object_component>
      <object_component id="oc-8f">
         <name>.debug_abbrev</name>
         <load_address>0x38d</load_address>
         <run_address>0x38d</run_address>
         <size>0x24</size>
         <input_file_ref idref="fl-2"/>
      </object_component>
      <object_component id="oc-10d">
         <name>.debug_abbrev</name>
         <load_address>0x3b1</load_address>
         <run_address>0x3b1</run_address>
         <size>0x61</size>
         <input_file_ref idref="fl-2"/>
      </object_component>
      <object_component id="oc-284">
         <name>.debug_abbrev</name>
         <load_address>0x412</load_address>
         <run_address>0x412</run_address>
         <size>0xf6</size>
         <input_file_ref idref="fl-3"/>
      </object_component>
      <object_component id="oc-13e">
         <name>.debug_abbrev</name>
         <load_address>0x508</load_address>
         <run_address>0x508</run_address>
         <size>0x60</size>
         <input_file_ref idref="fl-3"/>
      </object_component>
      <object_component id="oc-1ef">
         <name>.debug_abbrev</name>
         <load_address>0x568</load_address>
         <run_address>0x568</run_address>
         <size>0x33</size>
         <input_file_ref idref="fl-3"/>
      </object_component>
      <object_component id="oc-1eb">
         <name>.debug_abbrev</name>
         <load_address>0x59b</load_address>
         <run_address>0x59b</run_address>
         <size>0x124</size>
         <input_file_ref idref="fl-4"/>
      </object_component>
      <object_component id="oc-1f7">
         <name>.debug_abbrev</name>
         <load_address>0x6bf</load_address>
[...]
         <value>0x1f53</value>
         <object_component_ref idref="oc-1d9"/>
      </symbol>
      <symbol id="sm-6a">
         <name>LCD_sendCommand</name>
         <value>0x1da1</value>
         <object_component_ref idref="oc-1d9"/>
      </symbol>
      <symbol id="sm-6b">
         <name>LCD_clear</name>
         <value>0x1f49</value>
         <object_component_ref idref="oc-1d9"/>
      </symbol>
      <symbol id="sm-90">
         <name>main</name>
         <value>0x22f9</value>
         <object_component_ref idref="oc-bf"/>
      </symbol>
      <symbol id="sm-f9">
         <name>x</name>
         <value>0x20007632</value>
      </symbol>
      <symbol id="sm-fa">
         <name>BTN_Counter</name>
         <value>0x20007630</value>
      </symbol>
      <symbol id="sm-fb">
         <name>LED1TaskHandle</name>
         <value>0x20007628</value>
      </symbol>
      <symbol id="sm-fc">
         <name>LED2TaskHandle</name>
         <value>0x2000762c</value>
      </symbol>
      <symbol id="sm-fd">
         <name>BuzzerTask</name>
         <value>0x1d1f</value>
         <object_component_ref idref="oc-131"/>
      </symbol>
      <symbol id="sm-fe">
         <name>Word2</name>
         <value>0x20007892</value>
         <object_component_ref idref="oc-23b"/>
      </symbol>
      <symbol id="sm-ff">
         <name>Word3</name>
         <value>0x200078a2</value>
         <object_component_ref idref="oc-23e"/>
      </symbol>
      <symbol id="sm-100">
         <name>Word1</name>
         <value>0x200078b1</value>
         <object_component_ref idref="oc-238"/>
      </symbol>
      <symbol id="sm-101">
         <name>Word4</name>
         <value>0x200078bb</value>
         <object_component_ref idref="oc-241"/>
      </symbol>
      <symbol id="sm-102">
         <name>Word5</name>
         <value>0x20007880</value>
         <object_component_ref idref="oc-244"/>
      </symbol>
      <symbol id="sm-103">
         <name>LED1Task</name>
         <value>0x1a79</value>
         <object_component_ref idref="oc-131"/>
      </symbol>
      <symbol id="sm-104">
         <name>LCDTask</name>
         <value>0x1cd7</value>
         <object_component_ref idref="oc-131"/>
      </symbol>
      <symbol id="sm-105">
         <name>BTNTask</name>
         <value>0x1bf1</value>
         <object_component_ref idref="oc-131"/>
      </symbol>
      <symbol id="sm-106">
         <name>InitTask</name>
         <value>0x1b11</value>
         <object_component_ref idref="oc-131"/>
      </symbol>
      <symbol id="sm-107">
         <name>LED2Task</name>
         <value>0x1ac5</value>
         <object_component_ref idref="oc-131"/>
      </symbol>
      <symbol id="sm-108">
         <name>ptr_Words</name>
         <value>0x2000786c</value>
         <object_component_ref idref="oc-1e7"/>
      </symbol>
      <symbol id="sm-109">
         <name>Suspending_flag</name>
         <value>0x200078d0</value>
         <object_component_ref idref="oc-13a"/>
      </symbol>
      <symbol id="sm-10a">
         <name>LED2Periodicity</name>
         <value>0x200078cc</value>
         <object_component_ref idref="oc-13a"/>
      </symbol>
      <symbol id="sm-10b">
         <name>LED1Periodicity</name>
         <value>0x200078ce</value>
         <object_component_ref idref="oc-13a"/>
      </symbol>
      <symbol id="sm-127">
         <name>ResetISR</name>
         <value>0x294b</value>
         <object_component_ref idref="oc-24"/>
      </symbol>
      <symbol id="sm-128">
         <name>g_pfnVectors</name>
         <value>0x0</value>
         <object_component_ref idref="oc-f"/>
      </symbol>
      <symbol id="sm-15c">
         <name>uxListRemove</name>
         <value>0x2189</value>
         <object_component_ref idref="oc-e1"/>
      </symbol>
      <symbol id="sm-15d">
         <name>vListInsert</name>
         <value>0x2123</value>
         <object_component_ref idref="oc-e1"/>
      </symbol>
      <symbol id="sm-15e">
         <name>vListInitialiseItem</name>
         <value>0x20d7</value>
         <object_component_ref idref="oc-e1"/>
      </symbol>
      <symbol id="sm-15f">
         <name>vListInsertEnd</name>
         <value>0x20e7</value>
         <object_component_ref idref="oc-e1"/>
      </symbol>
      <symbol id="sm-160">
         <name>vListInitialise</name>
         <value>0x20a7</value>
         <object_component_ref idref="oc-e1"/>
      </symbol>
      <symbol id="sm-34c">
         <name>vTaskDelay</name>
         <value>0x5a3</value>
         <object_component_ref idref="oc-7c"/>
      </symbol>
      <symbol id="sm-34d">
         <name>vTaskSuspendAll</name>
         <value>0xa81</value>
         <object_component_ref idref="oc-7c"/>
      </symbol>
      <symbol id="sm-34e">
         <name>vTaskPlaceOnEventList</name>
         <value>0xdf9</value>
         <object_component_ref idref="oc-7c"/>
      </symbol>
      <symbol id="sm-34f">
         <name>vTaskSetTaskNumber</name>
         <value>0x101b</value>
         <object_component_ref idref="oc-7c"/>
      </symbol>
      <symbol id="sm-350">
         <name>uxTaskPriorityGetFromISR</name>
         <value>0x6b9</value>
         <object_component_ref idref="oc-7c"/>
      </symbol>
      <symbol id="sm-351">
         <name>ulTaskNotifyTake</name>
         <value>0x15c9</value>
         <object_component_ref idref="oc-7c"/>
      </symbol>
      <symbol id="sm-352">
         <name>pcTaskGetName</name>
         <value>0xb99</value>
         <object_component_ref idref="oc-7c"/>
      </symbol>
      <symbol id="sm-353">
         <name>xTaskCheckForTimeOut</name>
         <value>0xf75</value>
         <object_component_ref idref="oc-7c"/>
      </symbol>
      <symbol id="sm-354">
         <name>vTaskRemoveFromUnorderedEventList</name>
         <value>0xec9</value>
         <object_component_ref idref="oc-7c"/>
      </symbol>
      <symbol id="sm-355">
         <name>vTaskPrioritySet</name>
         <value>0x705</value>
         <object_component_ref idref="oc-7c"/>
      </symbol>
      <symbol id="sm-356">
         <name>xTaskPriorityDisinherit</name>
         <value>0x1415</value>
         <object_component_ref idref="oc-7c"/>
      </symbol>
      <symbol id="sm-357">
         <name>vTaskStartScheduler</name>
         <value>0xa15</value>
         <object_component_ref idref="oc-7c"/>
      </symbol>
      <symbol id="sm-358">
         <name>vTaskInternalSetTimeOutState</name>
         <value>0xf4f</value>
         <object_component_ref idref="oc-7c"/>
      </symbol>
      <symbol id="sm-359">
         <name>xTaskNotifyStateClear</name>
         <value>0x197d</value>
         <object_component_ref idref="oc-7c"/>
      </symbol>
      <symbol id="sm-35a">
         <name>pvTaskIncrementMutexHeldCount</name>
         <value>0x15ab</value>
         <object_component_ref idref="oc-7c"/>
      </symbol>
      <symbol id="sm-35b">
         <name>uxTaskGetStackHighWaterMark</name>
         <value>0x1285</value>
         <object_component_ref idref="oc-7c"/>
      </symbol>
      <symbol id="sm-35c">
         <name>xTaskGenericNotify</name>
         <value>0x16eb</value>
         <object_component_ref idref="oc-7c"/>
      </symbol>
      <symbol id="sm-35d">
         <name>vTaskPriorityDisinheritAfterTimeout</name>
         <value>0x14b3</value>
         <object_component_ref idref="oc-7c"/>
      </symbol>
      <symbol id="sm-35e">
         <name>xTaskCreate</name>
         <value>0x26d</value>
         <object_component_ref idref="oc-7c"/>
      </symbol>
      <symbol id="sm-35f">
         <name>vTaskDelayUntil</name>
         <value>0x513</value>
         <object_component_ref idref="oc-7c"/>
      </symbol>
      <symbol id="sm-360">
         <name>uxTaskGetTaskNumber</name>
         <value>0xffb</value>
         <object_component_ref idref="oc-7c"/>
      </symbol>
      <symbol id="sm-361">
         <name>vTaskEndScheduler</name>
         <value>0xa65</value>
         <object_component_ref idref="oc-7c"/>
      </symbol>
      <symbol id="sm-362">
         <name>xTaskNotifyWait</name>
         <value>0x1649</value>
         <object_component_ref idref="oc-7c"/>
      </symbol>
      <symbol id="sm-363">
         <name>vTaskMissedYield</name>
         <value>0xff3</value>
         <object_component_ref idref="oc-7c"/>
      </symbol>
      <symbol id="sm-364">
         <name>uxTaskGetNumberOfTasks</name>
         <value>0xb8d</value>
         <object_component_ref idref="oc-7c"/>
      </symbol>
      <symbol id="sm-365">
         <name>xTaskGenericNotifyFromISR</name>
         <value>0x17c5</value>
         <object_component_ref idref="oc-7c"/>
      </symbol>
      <symbol id="sm-366">
         <name>vTaskGetInfo</name>
         <value>0x10f9</value>
         <object_component_ref idref="oc-7c"/>
      </symbol>
      <symbol id="sm-367">
         <name>uxTaskPriorityGet</name>
         <value>0x68d</value>
         <object_component_ref idref="oc-7c"/>
      </symbol>
      <symbol id="sm-368">
         <name>xTaskResumeAll</name>
         <value>0xa99</value>
         <object_component_ref idref="oc-7c"/>
      </symbol>
      <symbol id="sm-369">
         <name>xTaskGetTickCount</name>
         <value>0xb69</value>
         <object_component_ref idref="oc-7c"/>
      </symbol>
      <symbol id="sm-36a">
         <name>uxTaskGetSystemState</name>
         <value>0xbbd</value>
         <object_component_ref idref="oc-7c"/>
      </symbol>
      <symbol id="sm-36b">
         <name>vTaskDelete</name>
         <value>0x465</value>
         <object_component_ref idref="oc-7c"/>
      </symbol>
      <symbol id="sm-36c">
         <name>pxCurrentTCB</name>
         <value>0x20007838</value>
         <object_component_ref idref="oc-76"/>
      </symbol>
      <symbol id="sm-36d">
         <name>vTaskNotifyGiveFromISR</name>
         <value>0x18d1</value>
         <object_component_ref idref="oc-7c"/>
      </symbol>
      <symbol id="sm-36e">
         <name>eTaskGetState</name>
         <value>0x5dd</value>
         <object_component_ref idref="oc-7c"/>
      </symbol>
      <symbol id="sm-36f">
         <name>vTaskSuspend</name>
         <value>0x811</value>
         <object_component_ref idref="oc-7c"/>
      </symbol>
      <symbol id="sm-370">
         <name>xTaskGetTickCountFromISR</name>
         <value>0xb79</value>
         <object_component_ref idref="oc-7c"/>
      </symbol>
      <symbol id="sm-371">
         <name>vTaskResume</name>
         <value>0x925</value>
         <object_component_ref idref="oc-7c"/>
      </symbol>
      <symbol id="sm-372">
         <name>vTaskSetTimeOutState</name>
         <value>0xf31</value>
         <object_component_ref idref="oc-7c"/>
      </symbol>
      <symbol id="sm-373">
         <name>xTaskIncrementTick</name>
         <value>0xca5</value>
         <object_component_ref idref="oc-7c"/>
      </symbol>
      <symbol id="sm-374">
         <name>vTaskSwitchContext</name>
         <value>0xd91</value>
         <object_component_ref idref="oc-7c"/>
      </symbol>
      <symbol id="sm-375">
         <name>uxTaskResetEventItemValue</name>
         <value>0x1589</value>
         <object_component_ref idref="oc-7c"/>
      </symbol>
      <symbol id="sm-376">
         <name>xTaskResumeFromISR</name>
         <value>0x98b</value>
         <object_component_ref idref="oc-7c"/>
      </symbol>
      <symbol id="sm-377">
         <name>xTaskGetCurrentTaskHandle</name>
         <value>0x1301</value>
         <object_component_ref idref="oc-7c"/>
      </symbol>
      <symbol id="sm-378">
         <name>vTaskPlaceOnUnorderedEventList</name>
         <value>0xe15</value>
         <object_component_ref idref="oc-7c"/>
      </symbol>
      <symbol id="sm-379">
         <name>xTaskRemoveFromEventList</name>
         <value>0xe45</value>
         <object_component_ref idref="oc-7c"/>
      </symbol>
      <symbol id="sm-37a">
         <name>xTaskPriorityInherit</name>
         <value>0x1335</value>
         <object_component_ref idref="oc-7c"/>
      </symbol>
      <symbol id="sm-3a9">
         <name>ulMaxSyscallInterruptPriority</name>
         <value>0x2970</value>
         <object_component_ref idref="oc-79"/>
      </symbol>
      <symbol id="sm-3aa">
         <name>vPortSetupTimerInterrupt</name>
         <value>0x22cb</value>
         <object_component_ref idref="oc-2f"/>
      </symbol>
      <symbol id="sm-3ab">
         <name>vPortEndScheduler</name>
         <value>0x226d</value>
         <object_component_ref idref="oc-2f"/>
      </symbol>
      <symbol id="sm-3ac">
         <name>xPortSysTickHandler</name>
         <value>0x22a5</value>
         <object_component_ref idref="oc-2f"/>
      </symbol>
      <symbol id="sm-3ad">
         <name>pxPortInitialiseStack</name>
         <value>0x21d1</value>
         <object_component_ref idref="oc-2f"/>
      </symbol>
      <symbol id="sm-3ae">
         <name>vPortExitCritical</name>
         <value>0x228f</value>
         <object_component_ref idref="oc-2f"/>
      </symbol>
      <symbol id="sm-3af">
         <name>xPortStartScheduler</name>
         <value>0x2237</value>
         <object_component_ref idref="oc-2f"/>
      </symbol>
      <symbol id="sm-3b0">
         <name>vPortEnterCritical</name>
         <value>0x226f</value>
         <object_component_ref idref="oc-2f"/>
      </symbol>
      <symbol id="sm-3bf">
         <name>vPortStartFirstTask</name>
         <value>0x25a5</value>
         <object_component_ref idref="oc-2a"/>
      </symbol>
      <symbol id="sm-3c0">
         <name>ulPortGetIPSR</name>
         <value>0x250d</value>
         <object_component_ref idref="oc-2a"/>
      </symbol>
      <symbol id="sm-3c1">
         <name>vPortEnableVFP</name>
         <value>0x25c9</value>
         <object_component_ref idref="oc-2a"/>
      </symbol>
      <symbol id="sm-3c2">
         <name>xPortPendSVHandler</name>
         <value>0x2525</value>
         <object_component_ref idref="oc-2a"/>
      </symbol>
      <symbol id="sm-3c3">
         <name>vPortSVCHandler</name>
         <value>0x2585</value>
         <object_component_ref idref="oc-2a"/>
      </symbol>
      <symbol id="sm-3e9">
         <name>vPortInitialiseBlocks</name>
         <value>0x2653</value>
         <object_component_ref idref="oc-db"/>
      </symbol>
      <symbol id="sm-3ea">
         <name>xPortGetFreeHeapSize</name>
         <value>0x265b</value>
         <object_component_ref idref="oc-db"/>
      </symbol>
      <symbol id="sm-3eb">
         <name>pvPortMalloc</name>
         <value>0x25d9</value>
         <object_component_ref idref="oc-db"/>
      </symbol>
      <symbol id="sm-3ec">
         <name>vPortFree</name>
         <value>0x2649</value>
         <object_component_ref idref="oc-db"/>
      </symbol>
      <symbol id="sm-407">
         <name>memcpy</name>
         <value>0x2675</value>
         <object_component_ref idref="oc-43"/>
      </symbol>
      <symbol id="sm-408">
         <name>__aeabi_memcpy</name>
         <value>0x2675</value>
         <object_component_ref idref="oc-43"/>
      </symbol>
      <symbol id="sm-409">
         <name>__aeabi_memcpy8</name>
         <value>0x2675</value>
         <object_component_ref idref="oc-43"/>
      </symbol>
      <symbol id="sm-40a">
         <name>__aeabi_memcpy4</name>
         <value>0x2675</value>
         <object_component_ref idref="oc-43"/>
      </symbol>
      <symbol id="sm-419">
         <name>__aeabi_memset</name>
         <value>0x2713</value>
         <object_component_ref idref="oc-b3"/>
      </symbol>
      <symbol id="sm-41a">
         <name>memset</name>
         <value>0x2719</value>
         <object_component_ref idref="oc-b3"/>
      </symbol>
      <symbol id="sm-41b">
         <name>__aeabi_memset8</name>
         <value>0x2713</value>
         <object_component_ref idref="oc-b3"/>
      </symbol>
      <symbol id="sm-41c">
         <name>__aeabi_memset4</name>
         <value>0x2713</value>
         <object_component_ref idref="oc-b3"/>
      </symbol>
      <symbol id="sm-41d">
         <name>__aeabi_memclr8</name>
         <value>0x2711</value>
         <object_component_ref idref="oc-b3"/>
      </symbol>
      <symbol id="sm-41e">
         <name>__aeabi_memclr4</name>
         <value>0x2711</value>
         <object_component_ref idref="oc-b3"/>
      </symbol>
      <symbol id="sm-41f">
         <name>__aeabi_memclr</name>
         <value>0x2711</value>
         <object_component_ref idref="oc-b3"/>
      </symbol>
      <symbol id="sm-431">
         <name>__TI_zero_init</name>
         <value>0x293f</value>
         <object_component_ref idref="oc-55"/>
      </symbol>
      <symbol id="sm-448">
         <name>__TI_decompress_none</name>
         <value>0x2931</value>
         <object_component_ref idref="oc-18"/>
      </symbol>
      <symbol id="sm-46b">
         <name>__TI_decompress_lzss</name>
         <value>0x278b</value>
         <object_component_ref idref="oc-12"/>
      </symbol>
      <symbol id="sm-47e">
         <name>__stack</name>
         <value>0x20007638</value>
         <object_component_ref idref="oc-21"/>
      </symbol>
      <symbol id="sm-47f">
         <name>_c_int00_noargs</name>
         <value>0x2871</value>
         <object_component_ref idref="oc-61"/>
      </symbol>
      <symbol id="sm-48a">
         <name>C$$EXIT</name>
         <value>0x296d</value>
         <object_component_ref idref="oc-13f"/>
      </symbol>
      <symbol id="sm-48b">
         <name>abort</name>
         <value>0x296d</value>
         <object_component_ref idref="oc-13f"/>
      </symbol>
      <symbol id="sm-4b5">
         <name>__TI_auto_init_nobinit_nopinit</name>
         <value>0x27f5</value>
         <object_component_ref idref="oc-14b"/>
      </symbol>
      <symbol id="sm-4bf">
         <name>_system_pre_init</name>
         <value>0x2969</value>
         <object_component_ref idref="oc-b9"/>
      </symbol>
      <symbol id="sm-4fc">
         <name>GPIOPinTypeGPIOInput</name>
         <value>0x291f</value>
         <object_component_ref idref="oc-1cd"/>
      </symbol>
      <symbol id="sm-4fd">
         <name>GPIOPinTypeGPIOOutput</name>
         <value>0x2907</value>
         <object_component_ref idref="oc-1c7"/>
      </symbol>
      <symbol id="sm-4fe">
         <name>GPIOPinRead</name>
         <value>0x2957</value>
         <object_component_ref idref="oc-1df"/>
      </symbol>
      <symbol id="sm-4ff">
         <name>GPIODirModeSet</name>
         <value>0x28dd</value>
         <object_component_ref idref="oc-22d"/>
      </symbol>
      <symbol id="sm-500">
         <name>GPIOPinWrite</name>
         <value>0x295d</value>
         <object_component_ref idref="oc-1b5"/>
      </symbol>
      <symbol id="sm-501">
         <name>GPIOPadConfigSet</name>
         <value>0x1f75</value>
         <object_component_ref idref="oc-1d3"/>
      </symbol>
      <symbol id="sm-539">
         <name>SysCtlClockSet</name>
         <value>0x2409</value>
         <object_component_ref idref="oc-12b"/>
      </symbol>
      <symbol id="sm-53a">
         <name>SysCtlDelay</name>
         <value>0x2963</value>
         <object_component_ref idref="oc-1ad"/>
      </symbol>
      <symbol id="sm-53b">
         <name>SysCtlPeripheralEnable</name>
         <value>0x28a9</value>
         <object_component_ref idref="oc-1bb"/>
      </symbol>
      <symbol id="sm-53c">
         <name>SysCtlPeripheralReady</name>
         <value>0x2839</value>
         <object_component_ref idref="oc-1c1"/>
      </symbol>
      <symbol id="sm-53e">
         <name>__TI_static_base__</name>
         <value>0x0</value>
      </symbol>
      <symbol id="sm-541">
         <name>__mpu_init</name>
         <value>0x0</value>
      </symbol>
      <symbol id="sm-542">
         <name>_system_post_cinit</name>
         <value>0x0</value>
      </symbol>
   </symbol_table>
   <title>Link successful</title>
</link_info>
