<?xml version="1.0" encoding="ISO-8859-1" ?>
<link_info>
   <banner>TI ARM Linker PC v18.1.1.LTS</banner>
   <copyright>Copyright (c) 1996-2017 Texas Instruments Incorporated</copyright>
   <link_time>0x5c90e26f</link_time>
   <link_errors>0x0</link_errors>
   <output_file>RTOS_Challenge2.out</output_file>
   <entry_point>
      <name>_c_int00_noargs</name>
      <address>0x3905</address>
   </entry_point>
   <input_file_list>
      <input_file id="fl-2">
         <path>.\</path>
         <kind>object</kind>
         <file>LCD.obj</file>
         <name>LCD.obj</name>
      </input_file>
      <input_file id="fl-3">
         <path>.\</path>
         <kind>object</kind>
         <file>main.obj</file>
         <name>main.obj</name>
      </input_file>
      <input_file id="fl-4">
         <path>.\</path>
         <kind>object</kind>
         <file>tasks.obj</file>
         <name>tasks.obj</name>
      </input_file>
      <input_file id="fl-5">
         <path>.\</path>
         <kind>object</kind>
         <file>tm4c123gh6pm_startup_ccs.obj</file>
         <name>tm4c123gh6pm_startup_ccs.obj</name>
      </input_file>
      <input_file id="fl-6">
         <path>.\Source\</path>
         <kind>object</kind>
         <file>croutine.obj</file>
         <name>croutine.obj</name>
      </input_file>
      <input_file id="fl-7">
         <path>.\Source\</path>
         <kind>object</kind>
         <file>event_groups.obj</file>
         <name>event_groups.obj</name>
      </input_file>
      <input_file id="fl-8">
         <path>.\Source\</path>
         <kind>object</kind>
         <file>list.obj</file>
         <name>list.obj</name>
      </input_file>
      <input_file id="fl-9">
         <path>.\Source\</path>
         <kind>object</kind>
         <file>queue.obj</file>
         <name>queue.obj</name>
      </input_file>
      <input_file id="fl-a">
         <path>.\Source\</path>
         <kind>object</kind>
         <file>stream_buffer.obj</file>
         <name>stream_buffer.obj</name>
      </input_file>
      <input_file id="fl-b">
         <path>.\Source\</path>
         <kind>object</kind>
         <file>tasks.obj</file>
         <name>tasks.obj</name>
      </input_file>
      <input_file id="fl-c">
         <path>.\Source\</path>
         <kind>object</kind>
         <file>timers.obj</file>
         <name>timers.obj</name>
      </input_file>
      <input_file id="fl-d">
         <path>.\Source\portable\CCS\ARM_CM4F\</path>
         <kind>object</kind>
         <file>port.obj</file>
         <name>port.obj</name>
      </input_file>
      <input_file id="fl-e">
         <path>.\Source\portable\CCS\ARM_CM4F\</path>
         <kind>object</kind>
         <file>portasm.obj</file>
         <name>portasm.obj</name>
      </input_file>
      <input_file id="fl-f">
         <path>.\Source\portable\MemMang\</path>
         <kind>object</kind>
         <file>heap_2.obj</file>
         <name>heap_2.obj</name>
      </input_file>
      <input_file id="fl-14">
         <kind>object</kind>
         <file>&lt;internal&gt;</file>
         <name>&lt;internal&gt;</name>
      </input_file>
      <input_file id="fl-ca">
         <path>C:\ti\ccsv8\tools\compiler\ti-cgt-arm_18.1.1.LTS\lib\</path>
         <kind>archive</kind>
         <file>rtsv7M4_T_le_v4SPD16_eabi.lib</file>
         <name>memcpy_t2.asm.obj</name>
      </input_file>
      <input_file id="fl-cb">
         <path>C:\ti\ccsv8\tools\compiler\ti-cgt-arm_18.1.1.LTS\lib\</path>
         <kind>archive</kind>
         <file>rtsv7M4_T_le_v4SPD16_eabi.lib</file>
         <name>memset_t2.asm.obj</name>
      </input_file>
      <input_file id="fl-cc">
         <path>C:\ti\ccsv8\tools\compiler\ti-cgt-arm_18.1.1.LTS\lib\</path>
         <kind>archive</kind>
         <file>rtsv7M4_T_le_v4SPD16_eabi.lib</file>
         <name>copy_zero_init.c.obj</name>
      </input_file>
      <input_file id="fl-cd">
         <path>C:\ti\ccsv8\tools\compiler\ti-cgt-arm_18.1.1.LTS\lib\</path>
         <kind>archive</kind>
         <file>rtsv7M4_T_le_v4SPD16_eabi.lib</file>
         <name>copy_decompress_none.c.obj</name>
      </input_file>
      <input_file id="fl-ce">
         <path>C:\ti\ccsv8\tools\compiler\ti-cgt-arm_18.1.1.LTS\lib\</path>
         <kind>archive</kind>
         <file>rtsv7M4_T_le_v4SPD16_eabi.lib</file>
         <name>copy_decompress_lzss.c.obj</name>
      </input_file>
      <input_file id="fl-cf">
         <path>C:\ti\ccsv8\tools\compiler\ti-cgt-arm_18.1.1.LTS\lib\</path>
         <kind>archive</kind>
         <file>rtsv7M4_T_le_v4SPD16_eabi.lib</file>
         <name>boot_cortex_m.c.obj</name>
      </input_file>
      <input_file id="fl-d0">
         <path>C:\ti\ccsv8\tools\compiler\ti-cgt-arm_18.1.1.LTS\lib\</path>
         <kind>archive</kind>
         <file>rtsv7M4_T_le_v4SPD16_eabi.lib</file>
         <name>exit.c.obj</name>
      </input_file>
      <input_file id="fl-d1">
         <path>C:\ti\ccsv8\tools\compiler\ti-cgt-arm_18.1.1.LTS\lib\</path>
         <kind>archive</kind>
         <file>rtsv7M4_T_le_v4SPD16_eabi.lib</file>
         <name>_lock.c.obj</name>
      </input_file>
      <input_file id="fl-d2">
         <path>C:\ti\ccsv8\tools\compiler\ti-cgt-arm_18.1.1.LTS\lib\</path>
         <kind>archive</kind>
         <file>rtsv7M4_T_le_v4SPD16_eabi.lib</file>
         <name>args_main.c.obj</name>
      </input_file>
      <input_file id="fl-d3">
         <path>C:\ti\ccsv8\tools\compiler\ti-cgt-arm_18.1.1.LTS\lib\</path>
         <kind>archive</kind>
         <file>rtsv7M4_T_le_v4SPD16_eabi.lib</file>
         <name>autoinit.c.obj</name>
      </input_file>
      <input_file id="fl-d4">
         <path>C:\ti\ccsv8\tools\compiler\ti-cgt-arm_18.1.1.LTS\lib\</path>
         <kind>archive</kind>
         <file>rtsv7M4_T_le_v4SPD16_eabi.lib</file>
         <name>pre_init.c.obj</name>
      </input_file>
      <input_file id="fl-d5">
         <path>C:\ti\ccsv8\tools\compiler\ti-cgt-arm_18.1.1.LTS\lib\</path>
         <kind>archive</kind>
         <file>rtsv7M4_T_le_v4SPD16_eabi.lib</file>
         <name>cpy_tbl.c.obj</name>
      </input_file>
      <input_file id="fl-d6">
         <path>C:\ti\TivaWare_C_Series-2.1.4.178\driverlib\ccs\Debug\</path>
         <kind>archive</kind>
         <file>driverlib.lib</file>
         <name>gpio.obj</name>
      </input_file>
      <input_file id="fl-d7">
         <path>C:\ti\TivaWare_C_Series-2.1.4.178\driverlib\ccs\Debug\</path>
         <kind>archive</kind>
         <file>driverlib.lib</file>
         <name>interrupt.obj</name>
      </input_file>
      <input_file id="fl-d8">
         <path>C:\ti\TivaWare_C_Series-2.1.4.178\driverlib\ccs\Debug\</path>
         <kind>archive</kind>
         <file>driverlib.lib</file>
         <name>sysctl.obj</name>
      </input_file>
      <input_file id="fl-d9">
         <path>C:\ti\TivaWare_C_Series-2.1.4.178\driverlib\ccs\Debug\</path>
         <kind>archive</kind>
         <file>driverlib.lib</file>
         <name>cpu.obj</name>
      </input_file>
   </input_file_list>
   <object_component_list>
      <object_component id="oc-f">
         <name>.intvecs</name>
         <load_address>0x0</load_address>
         <run_address>0x0</run_address>
         <size>0x26c</size>
         <input_file_ref idref="fl-5"/>
      </object_component>
      <object_component id="oc-7c">
         <name>.text</name>
         <load_address>0x26c</load_address>
         <run_address>0x26c</run_address>
         <size>0x180c</size>
         <input_file_ref idref="fl-b"/>
      </object_component>
      <object_component id="oc-1b4">
         <name>.text</name>
         <load_address>0x1a78</load_address>
         <run_address>0x1a78</run_address>
         <size>0xc48</size>
         <input_file_ref idref="fl-9"/>
      </object_component>
      <object_component id="oc-1c6">
         <name>.text</name>
         <load_address>0x26c0</load_address>
         <run_address>0x26c0</run_address>
         <size>0x3c8</size>
         <input_file_ref idref="fl-7"/>
      </object_component>
      <object_component id="oc-131">
         <name>.text</name>
         <load_address>0x2a88</load_address>
         <run_address>0x2a88</run_address>
         <size>0x264</size>
         <input_file_ref idref="fl-4"/>
      </object_component>
      <object_component id="oc-1c0">
         <name>.text</name>
         <load_address>0x2cec</load_address>
         <run_address>0x2cec</run_address>
         <size>0x244</size>
         <input_file_ref idref="fl-2"/>
      </object_component>
      <object_component id="oc-db">
         <name>.text</name>
         <load_address>0x2f30</load_address>
         <run_address>0x2f30</run_address>
         <size>0x1b8</size>
         <input_file_ref idref="fl-f"/>
      </object_component>
      <object_component id="oc-2f">
         <name>.text</name>
         <load_address>0x30e8</load_address>
         <run_address>0x30e8</run_address>
         <size>0x13c</size>
         <input_file_ref idref="fl-d"/>
      </object_component>
      <object_component id="oc-1e4">
         <name>.text:GPIOPadConfigSet</name>
         <load_address>0x3224</load_address>
         <run_address>0x3224</run_address>
         <size>0x132</size>
         <input_file_ref idref="fl-d6"/>
      </object_component>
      <object_component id="oc-e1">
         <name>.text</name>
         <load_address>0x3356</load_address>
         <run_address>0x3356</run_address>
         <size>0x12a</size>
         <input_file_ref idref="fl-8"/>
      </object_component>
      <object_component id="oc-12b">
         <name>.text:SysCtlClockSet</name>
         <load_address>0x3480</load_address>
         <run_address>0x3480</run_address>
         <size>0xf4</size>
         <input_file_ref idref="fl-d8"/>
      </object_component>
      <object_component id="oc-2a">
         <name>.text</name>
         <load_address>0x3574</load_address>
         <run_address>0x3574</run_address>
         <size>0xda</size>
         <input_file_ref idref="fl-e"/>
      </object_component>
      <object_component id="oc-bf">
         <name>.text</name>
         <load_address>0x3650</load_address>
         <run_address>0x3650</run_address>
         <size>0xb8</size>
         <input_file_ref idref="fl-3"/>
      </object_component>
      <object_component id="oc-43">
         <name>.text</name>
         <load_address>0x3708</load_address>
         <run_address>0x3708</run_address>
         <size>0x9c</size>
         <input_file_ref idref="fl-ca"/>
      </object_component>
      <object_component id="oc-b3">
         <name>.text</name>
         <load_address>0x37a4</load_address>
         <run_address>0x37a4</run_address>
         <size>0x7a</size>
         <input_file_ref idref="fl-cb"/>
      </object_component>
      <object_component id="oc-12">
         <name>.text:decompress:lzss:__TI_decompress_lzss</name>
         <load_address>0x381e</load_address>
         <run_address>0x381e</run_address>
         <size>0x68</size>
         <input_file_ref idref="fl-ce"/>
      </object_component>
      <object_component id="oc-144">
         <name>.text:__TI_auto_init_nobinit_nopinit:__TI_auto_init_nobinit_nopinit</name>
         <load_address>0x3888</load_address>
         <run_address>0x3888</run_address>
         <size>0x44</size>
         <input_file_ref idref="fl-d3"/>
      </object_component>
      <object_component id="oc-1d2">
         <name>.text:SysCtlPeripheralReady</name>
         <load_address>0x38cc</load_address>
         <run_address>0x38cc</run_address>
         <size>0x38</size>
         <input_file_ref idref="fl-d8"/>
      </object_component>
      <object_component id="oc-61">
         <name>.text:_c_int00_noargs:_c_int00_noargs</name>
         <load_address>0x3904</load_address>
         <run_address>0x3904</run_address>
         <size>0x38</size>
         <input_file_ref idref="fl-cf"/>
      </object_component>
      <object_component id="oc-1cc">
         <name>.text:SysCtlPeripheralEnable</name>
         <load_address>0x393c</load_address>
         <run_address>0x393c</run_address>
         <size>0x34</size>
         <input_file_ref idref="fl-d8"/>
      </object_component>
      <object_component id="oc-24f">
         <name>.text:GPIODirModeSet</name>
         <load_address>0x3970</load_address>
         <run_address>0x3970</run_address>
         <size>0x2a</size>
         <input_file_ref idref="fl-d6"/>
      </object_component>
      <object_component id="oc-1d8">
         <name>.text:GPIOPinTypeGPIOOutput</name>
         <load_address>0x399a</load_address>
         <run_address>0x399a</run_address>
         <size>0x18</size>
         <input_file_ref idref="fl-d6"/>
      </object_component>
      <object_component id="oc-1de">
         <name>.text:GPIOPinTypeGPIOInput</name>
         <load_address>0x39b2</load_address>
         <run_address>0x39b2</run_address>
         <size>0x12</size>
         <input_file_ref idref="fl-d6"/>
      </object_component>
      <object_component id="oc-18">
         <name>.text:decompress:none:__TI_decompress_none</name>
         <load_address>0x39c4</load_address>
         <run_address>0x39c4</run_address>
         <size>0xe</size>
         <input_file_ref idref="fl-cd"/>
      </object_component>
      <object_component id="oc-55">
         <name>.text:decompress:ZI:__TI_zero_init</name>
         <load_address>0x39d2</load_address>
         <run_address>0x39d2</run_address>
         <size>0xc</size>
         <input_file_ref idref="fl-cc"/>
      </object_component>
      <object_component id="oc-24">
         <name>.text</name>
         <load_address>0x39de</load_address>
         <run_address>0x39de</run_address>
         <size>0xc</size>
         <input_file_ref idref="fl-5"/>
      </object_component>
      <object_component id="oc-1ea">
         <name>.text:GPIOPinRead</name>
         <load_address>0x39ea</load_address>
         <run_address>0x39ea</run_address>
         <size>0x6</size>
         <input_file_ref idref="fl-d6"/>
      </object_component>
      <object_component id="oc-1ba">
         <name>.text:GPIOPinWrite</name>
         <load_address>0x39f0</load_address>
         <run_address>0x39f0</run_address>
         <size>0x6</size>
         <input_file_ref idref="fl-d6"/>
      </object_component>
      <object_component id="oc-1ac">
         <name>.text:SysCtlDelay</name>
         <load_address>0x39f6</load_address>
         <run_address>0x39f6</run_address>
         <size>0x6</size>
         <input_file_ref idref="fl-d8"/>
      </object_component>
      <object_component id="oc-b9">
         <name>.text:_system_pre_init</name>
         <load_address>0x39fc</load_address>
         <run_address>0x39fc</run_address>
         <size>0x4</size>
         <input_file_ref idref="fl-d4"/>
      </object_component>
      <object_component id="oc-138">
         <name>.text:abort:abort</name>
         <load_address>0x3a00</load_address>
         <run_address>0x3a00</run_address>
         <size>0x4</size>
         <input_file_ref idref="fl-d0"/>
      </object_component>
      <object_component id="oc-79">
         <name>.const</name>
         <load_address>0x3a04</load_address>
         <run_address>0x3a04</run_address>
         <size>0x4</size>
         <input_file_ref idref="fl-d"/>
      </object_component>
      <object_component id="oc-2d8">
         <name>.cinit..data.load</name>
         <load_address>0x3a08</load_address>
         <run_address>0x3a08</run_address>
         <size>0x14</size>
      </object_component>
      <object_component id="oc-2d6">
         <name>__TI_handler_table</name>
         <load_address>0x3a1c</load_address>
         <run_address>0x3a1c</run_address>
         <size>0xc</size>
      </object_component>
      <object_component id="oc-2d9">
         <name>.cinit..bss.load</name>
         <load_address>0x3a28</load_address>
         <run_address>0x3a28</run_address>
         <size>0x8</size>
      </object_component>
      <object_component id="oc-2d7">
         <name>__TI_cinit_table</name>
         <load_address>0x3a30</load_address>
         <run_address>0x3a30</run_address>
         <size>0x10</size>
      </object_component>
      <object_component id="oc-1f4">
         <name>.data</name>
         <load_address>0x2000798c</load_address>
         <run_address>0x2000798c</run_address>
         <size>0x5</size>
         <input_file_ref idref="fl-4"/>
      </object_component>
      <object_component id="oc-76">
         <name>.data</name>
         <load_address>0x20007950</load_address>
         <run_address>0x20007950</run_address>
         <size>0x34</size>
         <input_file_ref idref="fl-b"/>
      </object_component>
      <object_component id="oc-83">
         <name>.data</name>
         <load_address>0x20007994</load_address>
         <run_address>0x20007994</run_address>
         <size>0x4</size>
         <input_file_ref idref="fl-d"/>
      </object_component>
      <object_component id="oc-18c">
         <name>.data</name>
         <load_address>0x20007984</load_address>
         <run_address>0x20007984</run_address>
         <size>0x8</size>
         <input_file_ref idref="fl-f"/>
      </object_component>
      <object_component id="oc-1f3">
         <name>.bss</name>
         <uninitialized>true</uninitialized>
         <run_address>0x20007748</run_address>
         <size>0x1</size>
         <input_file_ref idref="fl-4"/>
      </object_component>
      <object_component id="oc-e7">
         <name>.bss:pxReadyTasksLists</name>
         <uninitialized>true</uninitialized>
         <run_address>0x20007530</run_address>
         <size>0x140</size>
         <input_file_ref idref="fl-b"/>
      </object_component>
      <object_component id="oc-f6">
         <name>.bss:xDelayedTaskList1</name>
         <uninitialized>true</uninitialized>
         <run_address>0x200076c0</run_address>
         <size>0x14</size>
         <input_file_ref idref="fl-b"/>
      </object_component>
      <object_component id="oc-f9">
         <name>.bss:xDelayedTaskList2</name>
         <uninitialized>true</uninitialized>
         <run_address>0x200076d4</run_address>
         <size>0x14</size>
         <input_file_ref idref="fl-b"/>
      </object_component>
      <object_component id="oc-ed">
         <name>.bss</name>
         <uninitialized>true</uninitialized>
         <run_address>0x20007724</run_address>
         <size>0x8</size>
         <input_file_ref idref="fl-b"/>
      </object_component>
      <object_component id="oc-f3">
         <name>.bss:xPendingReadyList</name>
         <uninitialized>true</uninitialized>
         <run_address>0x200076e8</run_address>
         <size>0x14</size>
         <input_file_ref idref="fl-b"/>
      </object_component>
      <object_component id="oc-ea">
         <name>.bss:xTasksWaitingTermination</name>
         <uninitialized>true</uninitialized>
         <run_address>0x20007710</run_address>
         <size>0x14</size>
         <input_file_ref idref="fl-b"/>
      </object_component>
      <object_component id="oc-f0">
         <name>.bss:xSuspendedTaskList</name>
         <uninitialized>true</uninitialized>
         <run_address>0x200076fc</run_address>
         <size>0x14</size>
         <input_file_ref idref="fl-b"/>
      </object_component>
      <object_component id="oc-195">
         <name>.bss:ucHeap</name>
         <uninitialized>true</uninitialized>
         <run_address>0x20000000</run_address>
         <size>0x7530</size>
         <input_file_ref idref="fl-f"/>
      </object_component>
      <object_component id="oc-18f">
         <name>.bss:xStart</name>
         <uninitialized>true</uninitialized>
         <run_address>0x20007734</run_address>
         <size>0x8</size>
         <input_file_ref idref="fl-f"/>
      </object_component>
      <object_component id="oc-192">
         <name>.bss:xEnd</name>
         <uninitialized>true</uninitialized>
         <run_address>0x2000772c</run_address>
         <size>0x8</size>
         <input_file_ref idref="fl-f"/>
      </object_component>
      <object_component id="oc-1f8">
         <name>.common:LCD_MUTEXFlag</name>
         <uninitialized>true</uninitialized>
         <run_address>0x20007740</run_address>
         <size>0x4</size>
      </object_component>
      <object_component id="oc-1f7">
         <name>.common:xEventGroupBTNFlags</name>
         <uninitialized>true</uninitialized>
         <run_address>0x20007744</run_address>
         <size>0x4</size>
      </object_component>
      <object_component id="oc-1f0">
         <name>.common:LCDMessagesQueue</name>
         <uninitialized>true</uninitialized>
         <run_address>0x2000773c</run_address>
         <size>0x4</size>
      </object_component>
      <object_component id="oc-1f9">
         <name>.common:xBTN1_msg</name>
         <uninitialized>true</uninitialized>
         <run_address>0x20007749</run_address>
         <size>0x1</size>
      </object_component>
      <object_component id="oc-1fa">
         <name>.common:xBTN2_msg</name>
         <uninitialized>true</uninitialized>
         <run_address>0x2000774a</run_address>
         <size>0x1</size>
      </object_component>
      <object_component id="oc-23b">
         <name>.common:xQueueRegistry</name>
         <uninitialized>true</uninitialized>
         <run_address>0x20007670</run_address>
         <size>0x50</size>
      </object_component>
      <object_component id="oc-21">
         <name>.stack</name>
         <uninitialized>true</uninitialized>
         <run_address>0x20007750</run_address>
         <size>0x4</size>
         <input_file_ref idref="fl-cf"/>
      </object_component>
      <object_component id="oc-2da">
         <name>.stack</name>
         <uninitialized>true</uninitialized>
         <run_address>0x20007750</run_address>
         <size>0x0</size>
      </object_component>
      <object_component id="oc-115">
         <name>.debug_info</name>
         <load_address>0x0</load_address>
         <run_address>0x0</run_address>
         <size>0x3b9</size>
         <input_file_ref idref="fl-2"/>
      </object_component>
      <object_component id="oc-1c1">
         <name>.debug_info</name>
         <load_address>0x3b9</load_address>
         <run_address>0x3b9</run_address>
         <size>0x59a</size>
         <input_file_ref idref="fl-2"/>
      </object_component>
      <object_component id="oc-106">
         <name>.debug_info</name>
         <load_address>0x953</load_address>
         <run_address>0x953</run_address>
         <size>0x315</size>
         <input_file_ref idref="fl-2"/>
      </object_component>
      <object_component id="oc-94">
         <name>.debug_info</name>
         <load_address>0xc68</load_address>
         <run_address>0xc68</run_address>
         <size>0x26b</size>
         <input_file_ref idref="fl-2"/>
      </object_component>
      <object_component id="oc-110">
         <name>.debug_info</name>
         <load_address>0xed3</load_address>
         <run_address>0xed3</run_address>
         <size>0x461</size>
         <input_file_ref idref="fl-2"/>
      </object_component>
      <object_component id="oc-3e">
         <name>.debug_info</name>
         <load_address>0x1334</load_address>
         <run_address>0x1334</run_address>
         <size>0x84</size>
         <input_file_ref idref="fl-2"/>
      </object_component>
      <object_component id="oc-88">
         <name>.debug_info</name>
         <load_address>0x13b8</load_address>
         <run_address>0x13b8</run_address>
         <size>0x2c</size>
         <input_file_ref idref="fl-2"/>
      </object_component>
      <object_component id="oc-116">
         <name>.debug_info</name>
         <load_address>0x13e4</load_address>
         <run_address>0x13e4</run_address>
         <size>0x297</size>
         <input_file_ref idref="fl-2"/>
      </object_component>
      <object_component id="oc-99">
         <name>.debug_info</name>
         <load_address>0x167b</load_address>
         <run_address>0x167b</run_address>
         <size>0xbb</size>
         <input_file_ref idref="fl-2"/>
      </object_component>
      <object_component id="oc-101">
         <name>.debug_info</name>
         <load_address>0x1736</load_address>
         <run_address>0x1736</run_address>
         <size>0x53</size>
         <input_file_ref idref="fl-2"/>
      </object_component>
      <object_component id="oc-8d">
         <name>.debug_info</name>
         <load_address>0x1789</load_address>
         <run_address>0x1789</run_address>
         <size>0x53</size>
         <input_file_ref idref="fl-2"/>
      </object_component>
      <object_component id="oc-10b">
         <name>.debug_info</name>
         <load_address>0x17dc</load_address>
         <run_address>0x17dc</run_address>
         <size>0x14c</size>
         <input_file_ref idref="fl-2"/>
      </object_component>
      <object_component id="oc-21c">
         <name>.debug_info</name>
         <load_address>0x1928</load_address>
         <run_address>0x1928</run_address>
         <size>0x4d6</size>
         <input_file_ref idref="fl-3"/>
      </object_component>
      <object_component id="oc-c0">
         <name>.debug_info</name>
         <load_address>0x1dfe</load_address>
         <run_address>0x1dfe</run_address>
         <size>0x171</size>
         <input_file_ref idref="fl-3"/>
      </object_component>
      <object_component id="oc-25b">
         <name>.debug_info</name>
         <load_address>0x1f6f</load_address>
         <run_address>0x1f6f</run_address>
         <size>0x42</size>
         <input_file_ref idref="fl-3"/>
      </object_component>
      <object_component id="oc-260">
         <name>.debug_info</name>
         <load_address>0x1fb1</load_address>
         <run_address>0x1fb1</run_address>
         <size>0x4f</size>
         <input_file_ref idref="fl-3"/>
      </object_component>
      <object_component id="oc-265">
         <name>.debug_info</name>
         <load_address>0x2000</load_address>
         <run_address>0x2000</run_address>
         <size>0x2c</size>
         <input_file_ref idref="fl-3"/>
      </object_component>
      <object_component id="oc-178">
         <name>.debug_info</name>
         <load_address>0x202c</load_address>
         <run_address>0x202c</run_address>
         <size>0x4f</size>
         <input_file_ref idref="fl-3"/>
      </object_component>
      <object_component id="oc-1f1">
         <name>.debug_info</name>
         <load_address>0x207b</load_address>
         <run_address>0x207b</run_address>
         <size>0x8ca</size>
         <input_file_ref idref="fl-4"/>
      </object_component>
      <object_component id="oc-1f5">
         <name>.debug_info</name>
         <load_address>0x2945</load_address>
         <run_address>0x2945</run_address>
         <size>0xe7</size>
         <input_file_ref idref="fl-4"/>
      </object_component>
      <object_component id="oc-132">
         <name>.debug_info</name>
         <load_address>0x2a2c</load_address>
         <run_address>0x2a2c</run_address>
         <size>0x889</size>
         <input_file_ref idref="fl-4"/>
      </object_component>
      <object_component id="oc-22f">
         <name>.debug_info</name>
         <load_address>0x32b5</load_address>
         <run_address>0x32b5</run_address>
         <size>0x8b</size>
         <input_file_ref idref="fl-4"/>
      </object_component>
      <object_component id="oc-37">
         <name>.debug_info</name>
         <load_address>0x3340</load_address>
         <run_address>0x3340</run_address>
         <size>0x331</size>
         <input_file_ref idref="fl-5"/>
      </object_component>
      <object_component id="oc-10">
         <name>.debug_info</name>
         <load_address>0x3671</load_address>
         <run_address>0x3671</run_address>
         <size>0xf0</size>
         <input_file_ref idref="fl-5"/>
      </object_component>
      <object_component id="oc-25">
         <name>.debug_info</name>
         <load_address>0x3761</load_address>
         <run_address>0x3761</run_address>
         <size>0x26c</size>
         <input_file_ref idref="fl-5"/>
      </object_component>
      <object_component id="oc-21d">
         <name>.debug_info</name>
         <load_address>0x39cd</load_address>
         <run_address>0x39cd</run_address>
         <size>0x632</size>
         <input_file_ref idref="fl-7"/>
      </object_component>
      <object_component id="oc-1c7">
         <name>.debug_info</name>
         <load_address>0x3fff</load_address>
         <run_address>0x3fff</run_address>
         <size>0x14b1</size>
         <input_file_ref idref="fl-7"/>
      </object_component>
      <object_component id="oc-17d">
         <name>.debug_info</name>
         <load_address>0x54b0</load_address>
         <run_address>0x54b0</run_address>
         <size>0x110</size>
         <input_file_ref idref="fl-7"/>
      </object_component>
      <object_component id="oc-187">
         <name>.debug_info</name>
         <load_address>0x55c0</load_address>
         <run_address>0x55c0</run_address>
         <size>0x461</size>
         <input_file_ref idref="fl-7"/>
      </object_component>
      <object_component id="oc-291">
         <name>.debug_info</name>
         <load_address>0x5a21</load_address>
         <run_address>0x5a21</run_address>
         <size>0x76</size>
         <input_file_ref idref="fl-7"/>
      </object_component>
      <object_component id="oc-248">
         <name>.debug_info</name>
         <load_address>0x5a97</load_address>
         <run_address>0x5a97</run_address>
         <size>0x39</size>
         <input_file_ref idref="fl-7"/>
      </object_component>
      <object_component id="oc-19b">
         <name>.debug_info</name>
         <load_address>0x5ad0</load_address>
         <run_address>0x5ad0</run_address>
         <size>0x364</size>
         <input_file_ref idref="fl-8"/>
      </object_component>
      <object_component id="oc-e2">
         <name>.debug_info</name>
         <load_address>0x5e34</load_address>
         <run_address>0x5e34</run_address>
         <size>0x496</size>
         <input_file_ref idref="fl-8"/>
      </object_component>
      <object_component id="oc-23c">
         <name>.debug_info</name>
         <load_address>0x62ca</load_address>
         <run_address>0x62ca</run_address>
         <size>0x832</size>
         <input_file_ref idref="fl-9"/>
      </object_component>
      <object_component id="oc-1b5">
         <name>.debug_info</name>
         <load_address>0x6afc</load_address>
         <run_address>0x6afc</run_address>
         <size>0x32a7</size>
         <input_file_ref idref="fl-9"/>
      </object_component>
      <object_component id="oc-298">
         <name>.debug_info</name>
         <load_address>0x9da3</load_address>
         <run_address>0x9da3</run_address>
         <size>0x23f</size>
         <input_file_ref idref="fl-9"/>
      </object_component>
      <object_component id="oc-23f">
         <name>.debug_info</name>
         <load_address>0x9fe2</load_address>
         <run_address>0x9fe2</run_address>
         <size>0x46</size>
         <input_file_ref idref="fl-9"/>
      </object_component>
      <object_component id="oc-122">
         <name>.debug_info</name>
         <load_address>0xa028</load_address>
         <run_address>0xa028</run_address>
         <size>0x2c</size>
         <input_file_ref idref="fl-a"/>
      </object_component>
      <object_component id="oc-d3">
         <name>.debug_info</name>
         <load_address>0xa054</load_address>
         <run_address>0xa054</run_address>
         <size>0x736</size>
         <input_file_ref idref="fl-b"/>
      </object_component>
      <object_component id="oc-77">
         <name>.debug_info</name>
         <load_address>0xa78a</load_address>
         <run_address>0xa78a</run_address>
         <size>0x347</size>
         <input_file_ref idref="fl-b"/>
      </object_component>
      <object_component id="oc-e8">
         <name>.debug_info</name>
         <load_address>0xaad1</load_address>
         <run_address>0xaad1</run_address>
         <size>0xee</size>
         <input_file_ref idref="fl-b"/>
      </object_component>
      <object_component id="oc-f7">
         <name>.debug_info</name>
         <load_address>0xabbf</load_address>
         <run_address>0xabbf</run_address>
         <size>0xee</size>
         <input_file_ref idref="fl-b"/>
      </object_component>
      <object_component id="oc-fa">
         <name>.debug_info</name>
         <load_address>0xacad</load_address>
         <run_address>0xacad</run_address>
         <size>0xee</size>
         <input_file_ref idref="fl-b"/>
      </object_component>
      <object_component id="oc-ee">
         <name>.debug_info</name>
         <load_address>0xad9b</load_address>
         <run_address>0xad9b</run_address>
         <size>0x131</size>
         <input_file_ref idref="fl-b"/>
      </object_component>
      <object_component id="oc-f4">
         <name>.debug_info</name>
         <load_address>0xaecc</load_address>
         <run_address>0xaecc</run_address>
         <size>0xee</size>
         <input_file_ref idref="fl-b"/>
      </object_component>
      <object_component id="oc-eb">
         <name>.debug_info</name>
         <load_address>0xafba</load_address>
         <run_address>0xafba</run_address>
         <size>0xfc</size>
         <input_file_ref idref="fl-b"/>
      </object_component>
      <object_component id="oc-f1">
         <name>.debug_info</name>
         <load_address>0xb0b6</load_address>
         <run_address>0xb0b6</run_address>
         <size>0xf0</size>
         <input_file_ref idref="fl-b"/>
      </object_component>
      <object_component id="oc-7d">
         <name>.debug_info</name>
         <load_address>0xb1a6</load_address>
         <run_address>0xb1a6</run_address>
         <size>0x47a7</size>
         <input_file_ref idref="fl-b"/>
      </object_component>
      <object_component id="oc-d4">
         <name>.debug_info</name>
         <load_address>0xf94d</load_address>
         <run_address>0xf94d</run_address>
         <size>0x30c</size>
         <input_file_ref idref="fl-b"/>
      </object_component>
      <object_component id="oc-182">
         <name>.debug_info</name>
         <load_address>0xfc59</load_address>
         <run_address>0xfc59</run_address>
         <size>0x144</size>
         <input_file_ref idref="fl-b"/>
      </object_component>
      <object_component id="oc-87">
         <name>.debug_info</name>
         <load_address>0xfd9d</load_address>
         <run_address>0xfd9d</run_address>
         <size>0x3ff</size>
         <input_file_ref idref="fl-d"/>
      </object_component>
      <object_component id="oc-7a">
         <name>.debug_info</name>
         <load_address>0x1019c</load_address>
         <run_address>0x1019c</run_address>
         <size>0x11b</size>
         <input_file_ref idref="fl-d"/>
      </object_component>
      <object_component id="oc-84">
         <name>.debug_info</name>
         <load_address>0x102b7</load_address>
         <run_address>0x102b7</run_address>
         <size>0x102</size>
         <input_file_ref idref="fl-d"/>
      </object_component>
      <object_component id="oc-30">
         <name>.debug_info</name>
         <load_address>0x103b9</load_address>
         <run_address>0x103b9</run_address>
         <size>0x692</size>
         <input_file_ref idref="fl-d"/>
      </object_component>
      <object_component id="oc-2b">
         <name>.debug_info</name>
         <load_address>0x10a4b</load_address>
         <run_address>0x10a4b</run_address>
         <size>0x253</size>
         <input_file_ref idref="fl-e"/>
      </object_component>
      <object_component id="oc-199">
         <name>.debug_info</name>
         <load_address>0x10c9e</load_address>
         <run_address>0x10c9e</run_address>
         <size>0x40e</size>
         <input_file_ref idref="fl-f"/>
      </object_component>
      <object_component id="oc-196">
         <name>.debug_info</name>
         <load_address>0x110ac</load_address>
         <run_address>0x110ac</run_address>
         <size>0xe9</size>
         <input_file_ref idref="fl-f"/>
      </object_component>
      <object_component id="oc-190">
         <name>.debug_info</name>
         <load_address>0x11195</load_address>
         <run_address>0x11195</run_address>
         <size>0xe9</size>
         <input_file_ref idref="fl-f"/>
      </object_component>
      <object_component id="oc-193">
         <name>.debug_info</name>
         <load_address>0x1127e</load_address>
         <run_address>0x1127e</run_address>
         <size>0xe5</size>
         <input_file_ref idref="fl-f"/>
      </object_component>
      <object_component id="oc-18d">
         <name>.debug_info</name>
         <load_address>0x11363</load_address>
         <run_address>0x11363</run_address>
         <size>0x103</size>
         <input_file_ref idref="fl-f"/>
      </object_component>
      <object_component id="oc-dc">
         <name>.debug_info</name>
         <load_address>0x11466</load_address>
         <run_address>0x11466</run_address>
         <size>0x64f</size>
         <input_file_ref idref="fl-f"/>
      </object_component>
      <object_component id="oc-222">
         <name>.debug_info</name>
         <load_address>0x11ab5</load_address>
         <run_address>0x11ab5</run_address>
         <size>0x62</size>
         <input_file_ref idref="fl-f"/>
      </object_component>
      <object_component id="oc-46">
         <name>.debug_info</name>
         <load_address>0x11b17</load_address>
         <run_address>0x11b17</run_address>
         <size>0x111</size>
         <input_file_ref idref="fl-ca"/>
      </object_component>
      <object_component id="oc-b4">
         <name>.debug_info</name>
         <load_address>0x11c28</load_address>
         <run_address>0x11c28</run_address>
         <size>0x13f</size>
         <input_file_ref idref="fl-cb"/>
      </object_component>
      <object_component id="oc-b2">
         <name>.debug_info</name>
         <load_address>0x11d67</load_address>
         <run_address>0x11d67</run_address>
         <size>0x313</size>
         <input_file_ref idref="fl-cc"/>
      </object_component>
      <object_component id="oc-56">
         <name>.debug_info</name>
         <load_address>0x1207a</load_address>
         <run_address>0x1207a</run_address>
         <size>0x1aa</size>
         <input_file_ref idref="fl-cc"/>
      </object_component>
      <object_component id="oc-ad">
         <name>.debug_info</name>
         <load_address>0x12224</load_address>
         <run_address>0x12224</run_address>
         <size>0x46</size>
         <input_file_ref idref="fl-cc"/>
      </object_component>
      <object_component id="oc-4e">
         <name>.debug_info</name>
         <load_address>0x1226a</load_address>
         <run_address>0x1226a</run_address>
         <size>0x29d</size>
         <input_file_ref idref="fl-cd"/>
      </object_component>
      <object_component id="oc-1c">
         <name>.debug_info</name>
         <load_address>0x12507</load_address>
         <run_address>0x12507</run_address>
         <size>0x1df</size>
         <input_file_ref idref="fl-cd"/>
      </object_component>
      <object_component id="oc-49">
         <name>.debug_info</name>
         <load_address>0x126e6</load_address>
         <run_address>0x126e6</run_address>
         <size>0x46</size>
         <input_file_ref idref="fl-cd"/>
      </object_component>
      <object_component id="oc-a5">
         <name>.debug_info</name>
         <load_address>0x1272c</load_address>
         <run_address>0x1272c</run_address>
         <size>0x2c</size>
         <input_file_ref idref="fl-cd"/>
      </object_component>
      <object_component id="oc-a3">
         <name>.debug_info</name>
         <load_address>0x12758</load_address>
         <run_address>0x12758</run_address>
         <size>0x293</size>
         <input_file_ref idref="fl-ce"/>
      </object_component>
      <object_component id="oc-13">
         <name>.debug_info</name>
         <load_address>0x129eb</load_address>
         <run_address>0x129eb</run_address>
         <size>0x245</size>
         <input_file_ref idref="fl-ce"/>
      </object_component>
      <object_component id="oc-39">
         <name>.debug_info</name>
         <load_address>0x12c30</load_address>
         <run_address>0x12c30</run_address>
         <size>0x60</size>
         <input_file_ref idref="fl-ce"/>
      </object_component>
      <object_component id="oc-11b">
         <name>.debug_info</name>
         <load_address>0x12c90</load_address>
         <run_address>0x12c90</run_address>
         <size>0x46</size>
         <input_file_ref idref="fl-ce"/>
      </object_component>
      <object_component id="oc-9e">
         <name>.debug_info</name>
         <load_address>0x12cd6</load_address>
         <run_address>0x12cd6</run_address>
         <size>0x39</size>
         <input_file_ref idref="fl-ce"/>
      </object_component>
      <object_component id="oc-22">
         <name>.debug_info</name>
         <load_address>0x12d0f</load_address>
         <run_address>0x12d0f</run_address>
         <size>0x100</size>
         <input_file_ref idref="fl-cf"/>
      </object_component>
      <object_component id="oc-65">
         <name>.debug_info</name>
         <load_address>0x12e0f</load_address>
         <run_address>0x12e0f</run_address>
         <size>0x1a4</size>
         <input_file_ref idref="fl-cf"/>
      </object_component>
      <object_component id="oc-139">
         <name>.debug_info</name>
         <load_address>0x12fb3</load_address>
         <run_address>0x12fb3</run_address>
         <size>0x117</size>
         <input_file_ref idref="fl-d0"/>
      </object_component>
      <object_component id="oc-207">
         <name>.debug_info</name>
         <load_address>0x130ca</load_address>
         <run_address>0x130ca</run_address>
         <size>0x547</size>
         <input_file_ref idref="fl-d3"/>
      </object_component>
      <object_component id="oc-146">
         <name>.debug_info</name>
         <load_address>0x13611</load_address>
         <run_address>0x13611</run_address>
         <size>0x19b</size>
         <input_file_ref idref="fl-d3"/>
      </object_component>
      <object_component id="oc-27c">
         <name>.debug_info</name>
         <load_address>0x137ac</load_address>
         <run_address>0x137ac</run_address>
         <size>0x39</size>
         <input_file_ref idref="fl-d3"/>
      </object_component>
      <object_component id="oc-2a3">
         <name>.debug_info</name>
         <load_address>0x137e5</load_address>
         <run_address>0x137e5</run_address>
         <size>0x39</size>
         <input_file_ref idref="fl-d3"/>
      </object_component>
      <object_component id="oc-281">
         <name>.debug_info</name>
         <load_address>0x1381e</load_address>
         <run_address>0x1381e</run_address>
         <size>0x39</size>
         <input_file_ref idref="fl-d3"/>
      </object_component>
      <object_component id="oc-286">
         <name>.debug_info</name>
         <load_address>0x13857</load_address>
         <run_address>0x13857</run_address>
         <size>0xcd</size>
         <input_file_ref idref="fl-d3"/>
      </object_component>
      <object_component id="oc-ba">
         <name>.debug_info</name>
         <load_address>0x13924</load_address>
         <run_address>0x13924</run_address>
         <size>0x148</size>
         <input_file_ref idref="fl-d4"/>
      </object_component>
      <object_component id="oc-245">
         <name>.debug_info</name>
         <load_address>0x13a6c</load_address>
         <run_address>0x13a6c</run_address>
         <size>0x240</size>
         <input_file_ref idref="fl-d6"/>
      </object_component>
      <object_component id="oc-1bb">
         <name>.debug_info</name>
         <load_address>0x13cac</load_address>
         <run_address>0x13cac</run_address>
         <size>0x2a3</size>
         <input_file_ref idref="fl-d6"/>
      </object_component>
      <object_component id="oc-250">
         <name>.debug_info</name>
         <load_address>0x13f4f</load_address>
         <run_address>0x13f4f</run_address>
         <size>0x2b3</size>
         <input_file_ref idref="fl-d6"/>
      </object_component>
      <object_component id="oc-1e5">
         <name>.debug_info</name>
         <load_address>0x14202</load_address>
         <run_address>0x14202</run_address>
         <size>0x316</size>
         <input_file_ref idref="fl-d6"/>
      </object_component>
      <object_component id="oc-1da">
         <name>.debug_info</name>
         <load_address>0x14518</load_address>
         <run_address>0x14518</run_address>
         <size>0x2b7</size>
         <input_file_ref idref="fl-d6"/>
      </object_component>
      <object_component id="oc-1e0">
         <name>.debug_info</name>
         <load_address>0x147cf</load_address>
         <run_address>0x147cf</run_address>
         <size>0x285</size>
         <input_file_ref idref="fl-d6"/>
      </object_component>
      <object_component id="oc-1ec">
         <name>.debug_info</name>
         <load_address>0x14a54</load_address>
         <run_address>0x14a54</run_address>
         <size>0x27b</size>
         <input_file_ref idref="fl-d6"/>
      </object_component>
      <object_component id="oc-1ae">
         <name>.debug_info</name>
         <load_address>0x14ccf</load_address>
         <run_address>0x14ccf</run_address>
         <size>0x18b</size>
         <input_file_ref idref="fl-d6"/>
      </object_component>
      <object_component id="oc-1b3">
         <name>.debug_info</name>
         <load_address>0x14e5a</load_address>
         <run_address>0x14e5a</run_address>
         <size>0x298</size>
         <input_file_ref idref="fl-d8"/>
      </object_component>
      <object_component id="oc-1d3">
         <name>.debug_info</name>
         <load_address>0x150f2</load_address>
         <run_address>0x150f2</run_address>
         <size>0x27f</size>
         <input_file_ref idref="fl-d8"/>
      </object_component>
      <object_component id="oc-1cd">
         <name>.debug_info</name>
         <load_address>0x15371</load_address>
         <run_address>0x15371</run_address>
         <size>0x27d</size>
         <input_file_ref idref="fl-d8"/>
      </object_component>
      <object_component id="oc-12d">
         <name>.debug_info</name>
         <load_address>0x155ee</load_address>
         <run_address>0x155ee</run_address>
         <size>0x2db</size>
         <input_file_ref idref="fl-d8"/>
      </object_component>
      <object_component id="oc-236">
         <name>.debug_info</name>
         <load_address>0x158c9</load_address>
         <run_address>0x158c9</run_address>
         <size>0x5f</size>
         <input_file_ref idref="fl-d8"/>
      </object_component>
      <object_component id="oc-2db">
         <name>.debug_info</name>
         <load_address>0x15928</load_address>
         <run_address>0x15928</run_address>
         <size>0xa6</size>
      </object_component>
      <object_component id="oc-1ab">
         <name>.debug_line</name>
         <load_address>0x0</load_address>
         <run_address>0x0</run_address>
         <size>0xa1</size>
         <input_file_ref idref="fl-2"/>
      </object_component>
      <object_component id="oc-1c4">
         <name>.debug_line</name>
         <load_address>0xa1</load_address>
         <run_address>0xa1</run_address>
         <size>0xf6</size>
         <input_file_ref idref="fl-2"/>
      </object_component>
      <object_component id="oc-109">
         <name>.debug_line</name>
         <load_address>0x197</load_address>
         <run_address>0x197</run_address>
         <size>0x6b</size>
         <input_file_ref idref="fl-2"/>
      </object_component>
      <object_component id="oc-97">
         <name>.debug_line</name>
         <load_address>0x202</load_address>
         <run_address>0x202</run_address>
         <size>0x69</size>
         <input_file_ref idref="fl-2"/>
      </object_component>
      <object_component id="oc-113">
         <name>.debug_line</name>
         <load_address>0x26b</load_address>
         <run_address>0x26b</run_address>
         <size>0x6f</size>
         <input_file_ref idref="fl-2"/>
      </object_component>
      <object_component id="oc-41">
         <name>.debug_line</name>
         <load_address>0x2da</load_address>
         <run_address>0x2da</run_address>
         <size>0x20</size>
         <input_file_ref idref="fl-2"/>
      </object_component>
      <object_component id="oc-8b">
         <name>.debug_line</name>
         <load_address>0x2fa</load_address>
         <run_address>0x2fa</run_address>
         <size>0x6f</size>
         <input_file_ref idref="fl-2"/>
      </object_component>
      <object_component id="oc-119">
         <name>.debug_line</name>
         <load_address>0x369</load_address>
         <run_address>0x369</run_address>
         <size>0x6d</size>
         <input_file_ref idref="fl-2"/>
      </object_component>
      <object_component id="oc-9c">
         <name>.debug_line</name>
         <load_address>0x3d6</load_address>
         <run_address>0x3d6</run_address>
         <size>0x6a</size>
         <input_file_ref idref="fl-2"/>
      </object_component>
      <object_component id="oc-104">
         <name>.debug_line</name>
         <load_address>0x440</load_address>
         <run_address>0x440</run_address>
         <size>0x65</size>
         <input_file_ref idref="fl-2"/>
      </object_component>
      <object_component id="oc-90">
         <name>.debug_line</name>
         <load_address>0x4a5</load_address>
         <run_address>0x4a5</run_address>
         <size>0x7e</size>
         <input_file_ref idref="fl-2"/>
      </object_component>
      <object_component id="oc-10e">
         <name>.debug_line</name>
         <load_address>0x523</load_address>
         <run_address>0x523</run_address>
         <size>0x6b</size>
         <input_file_ref idref="fl-2"/>
      </object_component>
      <object_component id="oc-28e">
         <name>.debug_line</name>
         <load_address>0x58e</load_address>
         <run_address>0x58e</run_address>
         <size>0xb1</size>
         <input_file_ref idref="fl-3"/>
      </object_component>
      <object_component id="oc-c3">
         <name>.debug_line</name>
         <load_address>0x63f</load_address>
         <run_address>0x63f</run_address>
         <size>0x49</size>
         <input_file_ref idref="fl-3"/>
      </object_component>
      <object_component id="oc-25e">
         <name>.debug_line</name>
         <load_address>0x688</load_address>
         <run_address>0x688</run_address>
         <size>0x73</size>
         <input_file_ref idref="fl-3"/>
      </object_component>
      <object_component id="oc-263">
         <name>.debug_line</name>
         <load_address>0x6fb</load_address>
         <run_address>0x6fb</run_address>
         <size>0x6c</size>
         <input_file_ref idref="fl-3"/>
      </object_component>
      <object_component id="oc-268">
         <name>.debug_line</name>
         <load_address>0x767</load_address>
         <run_address>0x767</run_address>
         <size>0x6d</size>
         <input_file_ref idref="fl-3"/>
      </object_component>
      <object_component id="oc-17b">
         <name>.debug_line</name>
         <load_address>0x7d4</load_address>
         <run_address>0x7d4</run_address>
         <size>0x6d</size>
         <input_file_ref idref="fl-3"/>
      </object_component>
      <object_component id="oc-25a">
         <name>.debug_line</name>
         <load_address>0x841</load_address>
         <run_address>0x841</run_address>
         <size>0x192</size>
         <input_file_ref idref="fl-4"/>
      </object_component>
      <object_component id="oc-26b">
         <name>.debug_line</name>
         <load_address>0x9d3</load_address>
         <run_address>0x9d3</run_address>
         <size>0x2e</size>
         <input_file_ref idref="fl-4"/>
      </object_component>
      <object_component id="oc-135">
         <name>.debug_line</name>
         <load_address>0xa01</load_address>
         <run_address>0xa01</run_address>
         <size>0x11c</size>
         <input_file_ref idref="fl-4"/>
      </object_component>
      <object_component id="oc-232">
         <name>.debug_line</name>
         <load_address>0xb1d</load_address>
         <run_address>0xb1d</run_address>
         <size>0x20</size>
         <input_file_ref idref="fl-4"/>
      </object_component>
      <object_component id="oc-93">
         <name>.debug_line</name>
         <load_address>0xb3d</load_address>
         <run_address>0xb3d</run_address>
         <size>0x41</size>
         <input_file_ref idref="fl-5"/>
      </object_component>
      <object_component id="oc-36">
         <name>.debug_line</name>
         <load_address>0xb7e</load_address>
         <run_address>0xb7e</run_address>
         <size>0x41</size>
         <input_file_ref idref="fl-5"/>
      </object_component>
      <object_component id="oc-28">
         <name>.debug_line</name>
         <load_address>0xbbf</load_address>
         <run_address>0xbbf</run_address>
         <size>0xa1</size>
         <input_file_ref idref="fl-5"/>
      </object_component>
      <object_component id="oc-290">
         <name>.debug_line</name>
         <load_address>0xc60</load_address>
         <run_address>0xc60</run_address>
         <size>0x163</size>
         <input_file_ref idref="fl-7"/>
      </object_component>
      <object_component id="oc-1ca">
         <name>.debug_line</name>
         <load_address>0xdc3</load_address>
         <run_address>0xdc3</run_address>
         <size>0x327</size>
         <input_file_ref idref="fl-7"/>
      </object_component>
      <object_component id="oc-180">
         <name>.debug_line</name>
         <load_address>0x10ea</load_address>
         <run_address>0x10ea</run_address>
         <size>0x65</size>
         <input_file_ref idref="fl-7"/>
      </object_component>
      <object_component id="oc-18a">
         <name>.debug_line</name>
         <load_address>0x114f</load_address>
         <run_address>0x114f</run_address>
         <size>0x6f</size>
         <input_file_ref idref="fl-7"/>
      </object_component>
      <object_component id="oc-294">
         <name>.debug_line</name>
         <load_address>0x11be</load_address>
         <run_address>0x11be</run_address>
         <size>0x3c</size>
         <input_file_ref idref="fl-7"/>
      </object_component>
      <object_component id="oc-24b">
         <name>.debug_line</name>
         <load_address>0x11fa</load_address>
         <run_address>0x11fa</run_address>
         <size>0x73</size>
         <input_file_ref idref="fl-7"/>
      </object_component>
      <object_component id="oc-22e">
         <name>.debug_line</name>
         <load_address>0x126d</load_address>
         <run_address>0x126d</run_address>
         <size>0x20</size>
         <input_file_ref idref="fl-8"/>
      </object_component>
      <object_component id="oc-e5">
         <name>.debug_line</name>
         <load_address>0x128d</load_address>
         <run_address>0x128d</run_address>
         <size>0xea</size>
         <input_file_ref idref="fl-8"/>
      </object_component>
      <object_component id="oc-297">
         <name>.debug_line</name>
         <load_address>0x1377</load_address>
         <run_address>0x1377</run_address>
         <size>0x178</size>
         <input_file_ref idref="fl-9"/>
      </object_component>
      <object_component id="oc-1b8">
         <name>.debug_line</name>
         <load_address>0x14ef</load_address>
         <run_address>0x14ef</run_address>
         <size>0x889</size>
         <input_file_ref idref="fl-9"/>
      </object_component>
      <object_component id="oc-29b">
         <name>.debug_line</name>
         <load_address>0x1d78</load_address>
         <run_address>0x1d78</run_address>
         <size>0x35</size>
         <input_file_ref idref="fl-9"/>
      </object_component>
      <object_component id="oc-242">
         <name>.debug_line</name>
         <load_address>0x1dad</load_address>
         <run_address>0x1dad</run_address>
         <size>0x6c</size>
         <input_file_ref idref="fl-9"/>
      </object_component>
      <object_component id="oc-125">
         <name>.debug_line</name>
         <load_address>0x1e19</load_address>
         <run_address>0x1e19</run_address>
         <size>0x65</size>
         <input_file_ref idref="fl-a"/>
      </object_component>
      <object_component id="oc-177">
         <name>.debug_line</name>
         <load_address>0x1e7e</load_address>
         <run_address>0x1e7e</run_address>
         <size>0x15d</size>
         <input_file_ref idref="fl-b"/>
      </object_component>
      <object_component id="oc-d2">
         <name>.debug_line</name>
         <load_address>0x1fdb</load_address>
         <run_address>0x1fdb</run_address>
         <size>0x35</size>
         <input_file_ref idref="fl-b"/>
      </object_component>
      <object_component id="oc-19d">
         <name>.debug_line</name>
         <load_address>0x2010</load_address>
         <run_address>0x2010</run_address>
         <size>0x35</size>
         <input_file_ref idref="fl-b"/>
      </object_component>
      <object_component id="oc-1a7">
         <name>.debug_line</name>
         <load_address>0x2045</load_address>
         <run_address>0x2045</run_address>
         <size>0x35</size>
         <input_file_ref idref="fl-b"/>
      </object_component>
      <object_component id="oc-1a9">
         <name>.debug_line</name>
         <load_address>0x207a</load_address>
         <run_address>0x207a</run_address>
         <size>0x35</size>
         <input_file_ref idref="fl-b"/>
      </object_component>
      <object_component id="oc-1a1">
         <name>.debug_line</name>
         <load_address>0x20af</load_address>
         <run_address>0x20af</run_address>
         <size>0x35</size>
         <input_file_ref idref="fl-b"/>
      </object_component>
      <object_component id="oc-1a5">
         <name>.debug_line</name>
         <load_address>0x20e4</load_address>
         <run_address>0x20e4</run_address>
         <size>0x35</size>
         <input_file_ref idref="fl-b"/>
      </object_component>
      <object_component id="oc-19f">
         <name>.debug_line</name>
         <load_address>0x2119</load_address>
         <run_address>0x2119</run_address>
         <size>0x35</size>
         <input_file_ref idref="fl-b"/>
      </object_component>
      <object_component id="oc-1a3">
         <name>.debug_line</name>
         <load_address>0x214e</load_address>
         <run_address>0x214e</run_address>
         <size>0x35</size>
         <input_file_ref idref="fl-b"/>
      </object_component>
      <object_component id="oc-80">
         <name>.debug_line</name>
         <load_address>0x2183</load_address>
         <run_address>0x2183</run_address>
         <size>0xdcb</size>
         <input_file_ref idref="fl-b"/>
      </object_component>
      <object_component id="oc-d7">
         <name>.debug_line</name>
         <load_address>0x2f4e</load_address>
         <run_address>0x2f4e</run_address>
         <size>0x6b</size>
         <input_file_ref idref="fl-b"/>
      </object_component>
      <object_component id="oc-185">
         <name>.debug_line</name>
         <load_address>0x2fb9</load_address>
         <run_address>0x2fb9</run_address>
         <size>0x35</size>
         <input_file_ref idref="fl-b"/>
      </object_component>
      <object_component id="oc-100">
         <name>.debug_line</name>
         <load_address>0x2fee</load_address>
         <run_address>0x2fee</run_address>
         <size>0x95</size>
         <input_file_ref idref="fl-d"/>
      </object_component>
      <object_component id="oc-da">
         <name>.debug_line</name>
         <load_address>0x3083</load_address>
         <run_address>0x3083</run_address>
         <size>0x4a</size>
         <input_file_ref idref="fl-d"/>
      </object_component>
      <object_component id="oc-fe">
         <name>.debug_line</name>
         <load_address>0x30cd</load_address>
         <run_address>0x30cd</run_address>
         <size>0x4a</size>
         <input_file_ref idref="fl-d"/>
      </object_component>
      <object_component id="oc-33">
         <name>.debug_line</name>
         <load_address>0x3117</load_address>
         <run_address>0x3117</run_address>
         <size>0x14c</size>
         <input_file_ref idref="fl-d"/>
      </object_component>
      <object_component id="oc-2e">
         <name>.debug_line</name>
         <load_address>0x3263</load_address>
         <run_address>0x3263</run_address>
         <size>0xdf</size>
         <input_file_ref idref="fl-e"/>
      </object_component>
      <object_component id="oc-22c">
         <name>.debug_line</name>
         <load_address>0x3342</load_address>
         <run_address>0x3342</run_address>
         <size>0x6b</size>
         <input_file_ref idref="fl-f"/>
      </object_component>
      <object_component id="oc-22a">
         <name>.debug_line</name>
         <load_address>0x33ad</load_address>
         <run_address>0x33ad</run_address>
         <size>0x47</size>
         <input_file_ref idref="fl-f"/>
      </object_component>
      <object_component id="oc-221">
         <name>.debug_line</name>
         <load_address>0x33f4</load_address>
         <run_address>0x33f4</run_address>
         <size>0x47</size>
         <input_file_ref idref="fl-f"/>
      </object_component>
      <object_component id="oc-228">
         <name>.debug_line</name>
         <load_address>0x343b</load_address>
         <run_address>0x343b</run_address>
         <size>0x47</size>
         <input_file_ref idref="fl-f"/>
      </object_component>
      <object_component id="oc-21f">
         <name>.debug_line</name>
         <load_address>0x3482</load_address>
         <run_address>0x3482</run_address>
         <size>0x47</size>
         <input_file_ref idref="fl-f"/>
      </object_component>
      <object_component id="oc-df">
         <name>.debug_line</name>
         <load_address>0x34c9</load_address>
         <run_address>0x34c9</run_address>
         <size>0x11a</size>
         <input_file_ref idref="fl-f"/>
      </object_component>
      <object_component id="oc-225">
         <name>.debug_line</name>
         <load_address>0x35e3</load_address>
         <run_address>0x35e3</run_address>
         <size>0x47</size>
         <input_file_ref idref="fl-f"/>
      </object_component>
      <object_component id="oc-44">
         <name>.debug_line</name>
         <load_address>0x362a</load_address>
         <run_address>0x362a</run_address>
         <size>0x88</size>
         <input_file_ref idref="fl-ca"/>
      </object_component>
      <object_component id="oc-b7">
         <name>.debug_line</name>
         <load_address>0x36b2</load_address>
         <run_address>0x36b2</run_address>
         <size>0x79</size>
         <input_file_ref idref="fl-cb"/>
      </object_component>
      <object_component id="oc-128">
         <name>.debug_line</name>
         <load_address>0x372b</load_address>
         <run_address>0x372b</run_address>
         <size>0x9e</size>
         <input_file_ref idref="fl-cc"/>
      </object_component>
      <object_component id="oc-5a">
         <name>.debug_line</name>
         <load_address>0x37c9</load_address>
         <run_address>0x37c9</run_address>
         <size>0x4f</size>
         <input_file_ref idref="fl-cc"/>
      </object_component>
      <object_component id="oc-b0">
         <name>.debug_line</name>
         <load_address>0x3818</load_address>
         <run_address>0x3818</run_address>
         <size>0x34</size>
         <input_file_ref idref="fl-cc"/>
      </object_component>
      <object_component id="oc-ab">
         <name>.debug_line</name>
         <load_address>0x384c</load_address>
         <run_address>0x384c</run_address>
         <size>0x20</size>
         <input_file_ref idref="fl-cd"/>
      </object_component>
      <object_component id="oc-1a">
         <name>.debug_line</name>
         <load_address>0x386c</load_address>
         <run_address>0x386c</run_address>
         <size>0x55</size>
         <input_file_ref idref="fl-cd"/>
      </object_component>
      <object_component id="oc-4c">
         <name>.debug_line</name>
         <load_address>0x38c1</load_address>
         <run_address>0x38c1</run_address>
         <size>0x3a</size>
         <input_file_ref idref="fl-cd"/>
      </object_component>
      <object_component id="oc-a8">
         <name>.debug_line</name>
         <load_address>0x38fb</load_address>
         <run_address>0x38fb</run_address>
         <size>0x8a</size>
         <input_file_ref idref="fl-cd"/>
      </object_component>
      <object_component id="oc-121">
         <name>.debug_line</name>
         <load_address>0x3985</load_address>
         <run_address>0x3985</run_address>
         <size>0x20</size>
         <input_file_ref idref="fl-ce"/>
      </object_component>
      <object_component id="oc-16">
         <name>.debug_line</name>
         <load_address>0x39a5</load_address>
         <run_address>0x39a5</run_address>
         <size>0xa9</size>
         <input_file_ref idref="fl-ce"/>
      </object_component>
      <object_component id="oc-3c">
         <name>.debug_line</name>
         <load_address>0x3a4e</load_address>
         <run_address>0x3a4e</run_address>
         <size>0x3a</size>
         <input_file_ref idref="fl-ce"/>
      </object_component>
      <object_component id="oc-11e">
         <name>.debug_line</name>
         <load_address>0x3a88</load_address>
         <run_address>0x3a88</run_address>
         <size>0x92</size>
         <input_file_ref idref="fl-ce"/>
      </object_component>
      <object_component id="oc-a1">
         <name>.debug_line</name>
         <load_address>0x3b1a</load_address>
         <run_address>0x3b1a</run_address>
         <size>0x8e</size>
         <input_file_ref idref="fl-ce"/>
      </object_component>
      <object_component id="oc-74">
         <name>.debug_line</name>
         <load_address>0x3ba8</load_address>
         <run_address>0x3ba8</run_address>
         <size>0x33</size>
         <input_file_ref idref="fl-cf"/>
      </object_component>
      <object_component id="oc-63">
         <name>.debug_line</name>
         <load_address>0x3bdb</load_address>
         <run_address>0x3bdb</run_address>
         <size>0x56</size>
         <input_file_ref idref="fl-cf"/>
      </object_component>
      <object_component id="oc-13d">
         <name>.debug_line</name>
         <load_address>0x3c31</load_address>
         <run_address>0x3c31</run_address>
         <size>0x3c</size>
         <input_file_ref idref="fl-d0"/>
      </object_component>
      <object_component id="oc-27b">
         <name>.debug_line</name>
         <load_address>0x3c6d</load_address>
         <run_address>0x3c6d</run_address>
         <size>0xb7</size>
         <input_file_ref idref="fl-d3"/>
      </object_component>
      <object_component id="oc-145">
         <name>.debug_line</name>
         <load_address>0x3d24</load_address>
         <run_address>0x3d24</run_address>
         <size>0x6c</size>
         <input_file_ref idref="fl-d3"/>
      </object_component>
      <object_component id="oc-27f">
         <name>.debug_line</name>
         <load_address>0x3d90</load_address>
         <run_address>0x3d90</run_address>
         <size>0x2e</size>
         <input_file_ref idref="fl-d3"/>
      </object_component>
      <object_component id="oc-2a6">
         <name>.debug_line</name>
         <load_address>0x3dbe</load_address>
         <run_address>0x3dbe</run_address>
         <size>0x92</size>
         <input_file_ref idref="fl-d3"/>
      </object_component>
      <object_component id="oc-284">
         <name>.debug_line</name>
         <load_address>0x3e50</load_address>
         <run_address>0x3e50</run_address>
         <size>0x8f</size>
         <input_file_ref idref="fl-d3"/>
      </object_component>
      <object_component id="oc-289">
         <name>.debug_line</name>
         <load_address>0x3edf</load_address>
         <run_address>0x3edf</run_address>
         <size>0x8b</size>
         <input_file_ref idref="fl-d3"/>
      </object_component>
      <object_component id="oc-be">
         <name>.debug_line</name>
         <load_address>0x3f6a</load_address>
         <run_address>0x3f6a</run_address>
         <size>0x40</size>
         <input_file_ref idref="fl-d4"/>
      </object_component>
      <object_component id="oc-29e">
         <name>.debug_line</name>
         <load_address>0x3faa</load_address>
         <run_address>0x3faa</run_address>
         <size>0x82</size>
         <input_file_ref idref="fl-d6"/>
      </object_component>
      <object_component id="oc-1be">
         <name>.debug_line</name>
         <load_address>0x402c</load_address>
         <run_address>0x402c</run_address>
         <size>0x92</size>
         <input_file_ref idref="fl-d6"/>
      </object_component>
      <object_component id="oc-253">
         <name>.debug_line</name>
         <load_address>0x40be</load_address>
         <run_address>0x40be</run_address>
         <size>0x95</size>
         <input_file_ref idref="fl-d6"/>
      </object_component>
      <object_component id="oc-1e8">
         <name>.debug_line</name>
         <load_address>0x4153</load_address>
         <run_address>0x4153</run_address>
         <size>0xd1</size>
         <input_file_ref idref="fl-d6"/>
      </object_component>
      <object_component id="oc-1d9">
         <name>.debug_line</name>
         <load_address>0x4224</load_address>
         <run_address>0x4224</run_address>
         <size>0x99</size>
         <input_file_ref idref="fl-d6"/>
      </object_component>
      <object_component id="oc-1df">
         <name>.debug_line</name>
         <load_address>0x42bd</load_address>
         <run_address>0x42bd</run_address>
         <size>0x93</size>
         <input_file_ref idref="fl-d6"/>
      </object_component>
      <object_component id="oc-1eb">
         <name>.debug_line</name>
         <load_address>0x4350</load_address>
         <run_address>0x4350</run_address>
         <size>0x92</size>
         <input_file_ref idref="fl-d6"/>
      </object_component>
      <object_component id="oc-1b1">
         <name>.debug_line</name>
         <load_address>0x43e2</load_address>
         <run_address>0x43e2</run_address>
         <size>0x69</size>
         <input_file_ref idref="fl-d6"/>
      </object_component>
      <object_component id="oc-235">
         <name>.debug_line</name>
         <load_address>0x444b</load_address>
         <run_address>0x444b</run_address>
         <size>0x13d</size>
         <input_file_ref idref="fl-d8"/>
      </object_component>
      <object_component id="oc-1d6">
         <name>.debug_line</name>
         <load_address>0x4588</load_address>
         <run_address>0x4588</run_address>
         <size>0x94</size>
         <input_file_ref idref="fl-d8"/>
      </object_component>
      <object_component id="oc-1d0">
         <name>.debug_line</name>
         <load_address>0x461c</load_address>
         <run_address>0x461c</run_address>
         <size>0x94</size>
         <input_file_ref idref="fl-d8"/>
      </object_component>
      <object_component id="oc-12c">
         <name>.debug_line</name>
         <load_address>0x46b0</load_address>
         <run_address>0x46b0</run_address>
         <size>0xee</size>
         <input_file_ref idref="fl-d8"/>
      </object_component>
      <object_component id="oc-239">
         <name>.debug_line</name>
         <load_address>0x479e</load_address>
         <run_address>0x479e</run_address>
         <size>0x7f</size>
         <input_file_ref idref="fl-d8"/>
      </object_component>
      <object_component id="oc-1c5">
         <name>.debug_frame</name>
         <load_address>0x0</load_address>
         <run_address>0x0</run_address>
         <size>0xc0</size>
         <input_file_ref idref="fl-2"/>
      </object_component>
      <object_component id="oc-c4">
         <name>.debug_frame</name>
         <load_address>0xc0</load_address>
         <run_address>0xc0</run_address>
         <size>0x5c</size>
         <input_file_ref idref="fl-3"/>
      </object_component>
      <object_component id="oc-136">
         <name>.debug_frame</name>
         <load_address>0x11c</load_address>
         <run_address>0x11c</run_address>
         <size>0xb4</size>
         <input_file_ref idref="fl-4"/>
      </object_component>
      <object_component id="oc-29">
         <name>.debug_frame</name>
         <load_address>0x1d0</load_address>
         <run_address>0x1d0</run_address>
         <size>0x90</size>
         <input_file_ref idref="fl-5"/>
      </object_component>
      <object_component id="oc-1cb">
         <name>.debug_frame</name>
         <load_address>0x260</load_address>
         <run_address>0x260</run_address>
         <size>0x188</size>
         <input_file_ref idref="fl-7"/>
      </object_component>
      <object_component id="oc-e6">
         <name>.debug_frame</name>
         <load_address>0x3e8</load_address>
         <run_address>0x3e8</run_address>
         <size>0xb8</size>
         <input_file_ref idref="fl-8"/>
      </object_component>
      <object_component id="oc-1b9">
         <name>.debug_frame</name>
         <load_address>0x4a0</load_address>
         <run_address>0x4a0</run_address>
         <size>0x3d8</size>
         <input_file_ref idref="fl-9"/>
      </object_component>
      <object_component id="oc-81">
         <name>.debug_frame</name>
         <load_address>0x878</load_address>
         <run_address>0x878</run_address>
         <size>0x680</size>
         <input_file_ref idref="fl-b"/>
      </object_component>
      <object_component id="oc-34">
         <name>.debug_frame</name>
         <load_address>0xef8</load_address>
         <run_address>0xef8</run_address>
         <size>0xec</size>
         <input_file_ref idref="fl-d"/>
      </object_component>
      <object_component id="oc-e0">
         <name>.debug_frame</name>
         <load_address>0xfe4</load_address>
         <run_address>0xfe4</run_address>
         <size>0xbc</size>
         <input_file_ref idref="fl-f"/>
      </object_component>
      <object_component id="oc-59">
         <name>.debug_frame</name>
         <load_address>0x10a0</load_address>
         <run_address>0x10a0</run_address>
         <size>0x54</size>
         <input_file_ref idref="fl-cc"/>
      </object_component>
      <object_component id="oc-1b">
         <name>.debug_frame</name>
         <load_address>0x10f4</load_address>
         <run_address>0x10f4</run_address>
         <size>0x54</size>
         <input_file_ref idref="fl-cd"/>
      </object_component>
      <object_component id="oc-17">
         <name>.debug_frame</name>
         <load_address>0x1148</load_address>
         <run_address>0x1148</run_address>
         <size>0x60</size>
         <input_file_ref idref="fl-ce"/>
      </object_component>
      <object_component id="oc-62">
         <name>.debug_frame</name>
         <load_address>0x11a8</load_address>
         <run_address>0x11a8</run_address>
         <size>0x58</size>
         <input_file_ref idref="fl-cf"/>
      </object_component>
      <object_component id="oc-13c">
         <name>.debug_frame</name>
         <load_address>0x1200</load_address>
         <run_address>0x1200</run_address>
         <size>0x54</size>
         <input_file_ref idref="fl-d0"/>
      </object_component>
      <object_component id="oc-149">
         <name>.debug_frame</name>
         <load_address>0x1254</load_address>
         <run_address>0x1254</run_address>
         <size>0x5c</size>
         <input_file_ref idref="fl-d3"/>
      </object_component>
      <object_component id="oc-bd">
         <name>.debug_frame</name>
         <load_address>0x12b0</load_address>
         <run_address>0x12b0</run_address>
         <size>0x54</size>
         <input_file_ref idref="fl-d4"/>
      </object_component>
      <object_component id="oc-1bf">
         <name>.debug_frame</name>
         <load_address>0x1304</load_address>
         <run_address>0x1304</run_address>
         <size>0x7f</size>
         <input_file_ref idref="fl-d6"/>
      </object_component>
      <object_component id="oc-254">
         <name>.debug_frame</name>
         <load_address>0x1383</load_address>
         <run_address>0x1383</run_address>
         <size>0x7f</size>
         <input_file_ref idref="fl-d6"/>
      </object_component>
      <object_component id="oc-1e9">
         <name>.debug_frame</name>
         <load_address>0x1402</load_address>
         <run_address>0x1402</run_address>
         <size>0x8f</size>
         <input_file_ref idref="fl-d6"/>
      </object_component>
      <object_component id="oc-1dd">
         <name>.debug_frame</name>
         <load_address>0x1491</load_address>
         <run_address>0x1491</run_address>
         <size>0x8a</size>
         <input_file_ref idref="fl-d6"/>
      </object_component>
      <object_component id="oc-1e3">
         <name>.debug_frame</name>
         <load_address>0x151b</load_address>
         <run_address>0x151b</run_address>
         <size>0x86</size>
         <input_file_ref idref="fl-d6"/>
      </object_component>
      <object_component id="oc-1ef">
         <name>.debug_frame</name>
         <load_address>0x15a1</load_address>
         <run_address>0x15a1</run_address>
         <size>0x7f</size>
         <input_file_ref idref="fl-d6"/>
      </object_component>
      <object_component id="oc-1d7">
         <name>.debug_frame</name>
         <load_address>0x1620</load_address>
         <run_address>0x1620</run_address>
         <size>0x7f</size>
         <input_file_ref idref="fl-d8"/>
      </object_component>
      <object_component id="oc-1d1">
         <name>.debug_frame</name>
         <load_address>0x169f</load_address>
         <run_address>0x169f</run_address>
         <size>0x7f</size>
         <input_file_ref idref="fl-d8"/>
      </object_component>
      <object_component id="oc-130">
         <name>.debug_frame</name>
         <load_address>0x171e</load_address>
         <run_address>0x171e</run_address>
         <size>0x93</size>
         <input_file_ref idref="fl-d8"/>
      </object_component>
      <object_component id="oc-1aa">
         <name>.debug_abbrev</name>
         <load_address>0x0</load_address>
         <run_address>0x0</run_address>
         <size>0xb4</size>
         <input_file_ref idref="fl-2"/>
      </object_component>
      <object_component id="oc-246">
         <name>.debug_abbrev</name>
         <load_address>0xb4</load_address>
         <run_address>0xb4</run_address>
         <size>0x7a</size>
         <input_file_ref idref="fl-2"/>
      </object_component>
      <object_component id="oc-108">
         <name>.debug_abbrev</name>
         <load_address>0x12e</load_address>
         <run_address>0x12e</run_address>
         <size>0x9f</size>
         <input_file_ref idref="fl-2"/>
      </object_component>
      <object_component id="oc-96">
         <name>.debug_abbrev</name>
         <load_address>0x1cd</load_address>
         <run_address>0x1cd</run_address>
         <size>0x69</size>
         <input_file_ref idref="fl-2"/>
      </object_component>
      <object_component id="oc-112">
         <name>.debug_abbrev</name>
         <load_address>0x236</load_address>
         <run_address>0x236</run_address>
         <size>0x70</size>
         <input_file_ref idref="fl-2"/>
      </object_component>
      <object_component id="oc-40">
         <name>.debug_abbrev</name>
[...]
      </symbol>
      <symbol id="sm-17c">
         <name>vListInitialise</name>
         <value>0x3357</value>
         <object_component_ref idref="oc-e1"/>
      </symbol>
      <symbol id="sm-240">
         <name>xQueueRegistry</name>
         <value>0x20007670</value>
      </symbol>
      <symbol id="sm-241">
         <name>xQueuePeekFromISR</name>
         <value>0x22b1</value>
         <object_component_ref idref="oc-1b4"/>
      </symbol>
      <symbol id="sm-242">
         <name>xQueueIsQueueEmptyFromISR</name>
         <value>0x2587</value>
         <object_component_ref idref="oc-1b4"/>
      </symbol>
      <symbol id="sm-243">
         <name>xQueueGenericSendFromISR</name>
         <value>0x1d7f</value>
         <object_component_ref idref="oc-1b4"/>
      </symbol>
      <symbol id="sm-244">
         <name>uxQueueMessagesWaiting</name>
         <value>0x2303</value>
         <object_component_ref idref="oc-1b4"/>
      </symbol>
      <symbol id="sm-245">
         <name>vQueueAddToRegistry</name>
         <value>0x25f3</value>
         <object_component_ref idref="oc-1b4"/>
      </symbol>
      <symbol id="sm-246">
         <name>xQueueIsQueueFullFromISR</name>
         <value>0x25cd</value>
         <object_component_ref idref="oc-1b4"/>
      </symbol>
      <symbol id="sm-247">
         <name>xQueueGenericCreate</name>
         <value>0x1b09</value>
         <object_component_ref idref="oc-1b4"/>
      </symbol>
      <symbol id="sm-248">
         <name>xQueueCreateMutex</name>
         <value>0x1bc7</value>
         <object_component_ref idref="oc-1b4"/>
      </symbol>
      <symbol id="sm-249">
         <name>vQueueSetQueueNumber</name>
         <value>0x2379</value>
         <object_component_ref idref="oc-1b4"/>
      </symbol>
      <symbol id="sm-24a">
         <name>xQueueGenericSend</name>
         <value>0x1c73</value>
         <object_component_ref idref="oc-1b4"/>
      </symbol>
      <symbol id="sm-24b">
         <name>xQueueGenericReset</name>
         <value>0x1a79</value>
         <object_component_ref idref="oc-1b4"/>
      </symbol>
      <symbol id="sm-24c">
         <name>xQueueReceiveFromISR</name>
         <value>0x2217</value>
         <object_component_ref idref="oc-1b4"/>
      </symbol>
      <symbol id="sm-24d">
         <name>uxQueueSpacesAvailable</name>
         <value>0x2319</value>
         <object_component_ref idref="oc-1b4"/>
      </symbol>
      <symbol id="sm-24e">
         <name>xQueueGiveMutexRecursive</name>
         <value>0x1bf3</value>
         <object_component_ref idref="oc-1b4"/>
      </symbol>
      <symbol id="sm-24f">
         <name>xQueueSemaphoreTake</name>
         <value>0x1fbd</value>
         <object_component_ref idref="oc-1b4"/>
      </symbol>
      <symbol id="sm-250">
         <name>vQueueUnregisterQueue</name>
         <value>0x2675</value>
         <object_component_ref idref="oc-1b4"/>
      </symbol>
      <symbol id="sm-251">
         <name>xQueueGiveFromISR</name>
         <value>0x1e1b</value>
         <object_component_ref idref="oc-1b4"/>
      </symbol>
      <symbol id="sm-252">
         <name>uxQueueMessagesWaitingFromISR</name>
         <value>0x2339</value>
         <object_component_ref idref="oc-1b4"/>
      </symbol>
      <symbol id="sm-253">
         <name>uxQueueGetQueueNumber</name>
         <value>0x236b</value>
         <object_component_ref idref="oc-1b4"/>
      </symbol>
      <symbol id="sm-254">
         <name>xQueueTakeMutexRecursive</name>
         <value>0x1c2f</value>
         <object_component_ref idref="oc-1b4"/>
      </symbol>
      <symbol id="sm-255">
         <name>vQueueDelete</name>
         <value>0x2355</value>
         <object_component_ref idref="oc-1b4"/>
      </symbol>
      <symbol id="sm-256">
         <name>xQueuePeek</name>
         <value>0x2109</value>
         <object_component_ref idref="oc-1b4"/>
      </symbol>
      <symbol id="sm-257">
         <name>xQueueReceive</name>
         <value>0x1eaf</value>
         <object_component_ref idref="oc-1b4"/>
      </symbol>
      <symbol id="sm-258">
         <name>pcQueueGetName</name>
         <value>0x2635</value>
         <object_component_ref idref="oc-1b4"/>
      </symbol>
      <symbol id="sm-259">
         <name>ucQueueGetQueueType</name>
         <value>0x238b</value>
         <object_component_ref idref="oc-1b4"/>
      </symbol>
      <symbol id="sm-444">
         <name>vTaskDelay</name>
         <value>0x5a3</value>
         <object_component_ref idref="oc-7c"/>
      </symbol>
      <symbol id="sm-445">
         <name>vTaskSuspendAll</name>
         <value>0xa81</value>
         <object_component_ref idref="oc-7c"/>
      </symbol>
      <symbol id="sm-446">
         <name>vTaskPlaceOnEventList</name>
         <value>0xdf9</value>
         <object_component_ref idref="oc-7c"/>
      </symbol>
      <symbol id="sm-447">
         <name>vTaskSetTaskNumber</name>
         <value>0x101b</value>
         <object_component_ref idref="oc-7c"/>
      </symbol>
      <symbol id="sm-448">
         <name>uxTaskPriorityGetFromISR</name>
         <value>0x6b9</value>
         <object_component_ref idref="oc-7c"/>
      </symbol>
      <symbol id="sm-449">
         <name>ulTaskNotifyTake</name>
         <value>0x15c9</value>
         <object_component_ref idref="oc-7c"/>
      </symbol>
      <symbol id="sm-44a">
         <name>pcTaskGetName</name>
         <value>0xb99</value>
         <object_component_ref idref="oc-7c"/>
      </symbol>
      <symbol id="sm-44b">
         <name>xTaskCheckForTimeOut</name>
         <value>0xf75</value>
         <object_component_ref idref="oc-7c"/>
      </symbol>
      <symbol id="sm-44c">
         <name>vTaskRemoveFromUnorderedEventList</name>
         <value>0xec9</value>
         <object_component_ref idref="oc-7c"/>
      </symbol>
      <symbol id="sm-44d">
         <name>vTaskPrioritySet</name>
         <value>0x705</value>
         <object_component_ref idref="oc-7c"/>
      </symbol>
      <symbol id="sm-44e">
         <name>xTaskPriorityDisinherit</name>
         <value>0x1415</value>
         <object_component_ref idref="oc-7c"/>
      </symbol>
      <symbol id="sm-44f">
         <name>vTaskStartScheduler</name>
         <value>0xa15</value>
         <object_component_ref idref="oc-7c"/>
      </symbol>
      <symbol id="sm-450">
         <name>vTaskInternalSetTimeOutState</name>
         <value>0xf4f</value>
         <object_component_ref idref="oc-7c"/>
      </symbol>
      <symbol id="sm-451">
         <name>xTaskNotifyStateClear</name>
         <value>0x197d</value>
         <object_component_ref idref="oc-7c"/>
      </symbol>
      <symbol id="sm-452">
         <name>pvTaskIncrementMutexHeldCount</name>
         <value>0x15ab</value>
         <object_component_ref idref="oc-7c"/>
      </symbol>
      <symbol id="sm-453">
         <name>uxTaskGetStackHighWaterMark</name>
         <value>0x1285</value>
         <object_component_ref idref="oc-7c"/>
      </symbol>
      <symbol id="sm-454">
         <name>xTaskGenericNotify</name>
         <value>0x16eb</value>
         <object_component_ref idref="oc-7c"/>
      </symbol>
      <symbol id="sm-455">
         <name>vTaskPriorityDisinheritAfterTimeout</name>
         <value>0x14b3</value>
         <object_component_ref idref="oc-7c"/>
      </symbol>
      <symbol id="sm-456">
         <name>xTaskCreate</name>
         <value>0x26d</value>
         <object_component_ref idref="oc-7c"/>
      </symbol>
      <symbol id="sm-457">
         <name>vTaskDelayUntil</name>
         <value>0x513</value>
         <object_component_ref idref="oc-7c"/>
      </symbol>
      <symbol id="sm-458">
         <name>uxTaskGetTaskNumber</name>
         <value>0xffb</value>
         <object_component_ref idref="oc-7c"/>
      </symbol>
      <symbol id="sm-459">
         <name>vTaskEndScheduler</name>
         <value>0xa65</value>
         <object_component_ref idref="oc-7c"/>
      </symbol>
      <symbol id="sm-45a">
         <name>xTaskNotifyWait</name>
         <value>0x1649</value>
         <object_component_ref idref="oc-7c"/>
      </symbol>
      <symbol id="sm-45b">
         <name>vTaskMissedYield</name>
         <value>0xff3</value>
         <object_component_ref idref="oc-7c"/>
      </symbol>
      <symbol id="sm-45c">
         <name>uxTaskGetNumberOfTasks</name>
         <value>0xb8d</value>
         <object_component_ref idref="oc-7c"/>
      </symbol>
      <symbol id="sm-45d">
         <name>xTaskGenericNotifyFromISR</name>
         <value>0x17c5</value>
         <object_component_ref idref="oc-7c"/>
      </symbol>
      <symbol id="sm-45e">
         <name>vTaskGetInfo</name>
         <value>0x10f9</value>
         <object_component_ref idref="oc-7c"/>
      </symbol>
      <symbol id="sm-45f">
         <name>uxTaskPriorityGet</name>
         <value>0x68d</value>
         <object_component_ref idref="oc-7c"/>
      </symbol>
      <symbol id="sm-460">
         <name>xTaskResumeAll</name>
         <value>0xa99</value>
         <object_component_ref idref="oc-7c"/>
      </symbol>
      <symbol id="sm-461">
         <name>xTaskGetTickCount</name>
         <value>0xb69</value>
         <object_component_ref idref="oc-7c"/>
      </symbol>
      <symbol id="sm-462">
         <name>uxTaskGetSystemState</name>
         <value>0xbbd</value>
         <object_component_ref idref="oc-7c"/>
      </symbol>
      <symbol id="sm-463">
         <name>vTaskDelete</name>
         <value>0x465</value>
         <object_component_ref idref="oc-7c"/>
      </symbol>
      <symbol id="sm-464">
         <name>pxCurrentTCB</name>
         <value>0x20007950</value>
         <object_component_ref idref="oc-76"/>
      </symbol>
      <symbol id="sm-465">
         <name>vTaskNotifyGiveFromISR</name>
         <value>0x18d1</value>
         <object_component_ref idref="oc-7c"/>
      </symbol>
      <symbol id="sm-466">
         <name>eTaskGetState</name>
         <value>0x5dd</value>
         <object_component_ref idref="oc-7c"/>
      </symbol>
      <symbol id="sm-467">
         <name>vTaskSuspend</name>
         <value>0x811</value>
         <object_component_ref idref="oc-7c"/>
      </symbol>
      <symbol id="sm-468">
         <name>xTaskGetTickCountFromISR</name>
         <value>0xb79</value>
         <object_component_ref idref="oc-7c"/>
      </symbol>
      <symbol id="sm-469">
         <name>vTaskResume</name>
         <value>0x925</value>
         <object_component_ref idref="oc-7c"/>
      </symbol>
      <symbol id="sm-46a">
         <name>vTaskSetTimeOutState</name>
         <value>0xf31</value>
         <object_component_ref idref="oc-7c"/>
      </symbol>
      <symbol id="sm-46b">
         <name>xTaskIncrementTick</name>
         <value>0xca5</value>
         <object_component_ref idref="oc-7c"/>
      </symbol>
      <symbol id="sm-46c">
         <name>vTaskSwitchContext</name>
         <value>0xd91</value>
         <object_component_ref idref="oc-7c"/>
      </symbol>
      <symbol id="sm-46d">
         <name>uxTaskResetEventItemValue</name>
         <value>0x1589</value>
         <object_component_ref idref="oc-7c"/>
      </symbol>
      <symbol id="sm-46e">
         <name>xTaskResumeFromISR</name>
         <value>0x98b</value>
         <object_component_ref idref="oc-7c"/>
      </symbol>
      <symbol id="sm-46f">
         <name>xTaskGetCurrentTaskHandle</name>
         <value>0x1301</value>
         <object_component_ref idref="oc-7c"/>
      </symbol>
      <symbol id="sm-470">
         <name>vTaskPlaceOnUnorderedEventList</name>
         <value>0xe15</value>
         <object_component_ref idref="oc-7c"/>
      </symbol>
      <symbol id="sm-471">
         <name>xTaskRemoveFromEventList</name>
         <value>0xe45</value>
         <object_component_ref idref="oc-7c"/>
      </symbol>
      <symbol id="sm-472">
         <name>xTaskPriorityInherit</name>
         <value>0x1335</value>
         <object_component_ref idref="oc-7c"/>
      </symbol>
      <symbol id="sm-4a2">
         <name>ulMaxSyscallInterruptPriority</name>
         <value>0x3a04</value>
         <object_component_ref idref="oc-79"/>
      </symbol>
      <symbol id="sm-4a3">
         <name>vPortSetupTimerInterrupt</name>
         <value>0x31e7</value>
         <object_component_ref idref="oc-2f"/>
      </symbol>
      <symbol id="sm-4a4">
         <name>vPortEndScheduler</name>
         <value>0x3189</value>
         <object_component_ref idref="oc-2f"/>
      </symbol>
      <symbol id="sm-4a5">
         <name>xPortSysTickHandler</name>
         <value>0x31c1</value>
         <object_component_ref idref="oc-2f"/>
      </symbol>
      <symbol id="sm-4a6">
         <name>pxPortInitialiseStack</name>
         <value>0x30e9</value>
         <object_component_ref idref="oc-2f"/>
      </symbol>
      <symbol id="sm-4a7">
         <name>vPortExitCritical</name>
         <value>0x31ab</value>
         <object_component_ref idref="oc-2f"/>
      </symbol>
      <symbol id="sm-4a8">
         <name>xPortStartScheduler</name>
         <value>0x3153</value>
         <object_component_ref idref="oc-2f"/>
      </symbol>
      <symbol id="sm-4a9">
         <name>vPortEnterCritical</name>
         <value>0x318b</value>
         <object_component_ref idref="oc-2f"/>
      </symbol>
      <symbol id="sm-4b8">
         <name>vPortStartFirstTask</name>
         <value>0x361d</value>
         <object_component_ref idref="oc-2a"/>
      </symbol>
      <symbol id="sm-4b9">
         <name>ulPortGetIPSR</name>
         <value>0x3585</value>
         <object_component_ref idref="oc-2a"/>
      </symbol>
      <symbol id="sm-4ba">
         <name>vPortEnableVFP</name>
         <value>0x3641</value>
         <object_component_ref idref="oc-2a"/>
      </symbol>
      <symbol id="sm-4bb">
         <name>xPortPendSVHandler</name>
         <value>0x359d</value>
         <object_component_ref idref="oc-2a"/>
      </symbol>
      <symbol id="sm-4bc">
         <name>vPortSVCHandler</name>
         <value>0x35fd</value>
         <object_component_ref idref="oc-2a"/>
      </symbol>
      <symbol id="sm-503">
         <name>vPortInitialiseBlocks</name>
         <value>0x308d</value>
         <object_component_ref idref="oc-db"/>
      </symbol>
      <symbol id="sm-504">
         <name>xPortGetFreeHeapSize</name>
         <value>0x3087</value>
         <object_component_ref idref="oc-db"/>
      </symbol>
      <symbol id="sm-505">
         <name>pvPortMalloc</name>
         <value>0x2f31</value>
         <object_component_ref idref="oc-db"/>
      </symbol>
      <symbol id="sm-506">
         <name>vPortFree</name>
         <value>0x3029</value>
         <object_component_ref idref="oc-db"/>
      </symbol>
      <symbol id="sm-521">
         <name>memcpy</name>
         <value>0x3709</value>
         <object_component_ref idref="oc-43"/>
      </symbol>
      <symbol id="sm-522">
         <name>__aeabi_memcpy</name>
         <value>0x3709</value>
         <object_component_ref idref="oc-43"/>
      </symbol>
      <symbol id="sm-523">
         <name>__aeabi_memcpy8</name>
         <value>0x3709</value>
         <object_component_ref idref="oc-43"/>
      </symbol>
      <symbol id="sm-524">
         <name>__aeabi_memcpy4</name>
         <value>0x3709</value>
         <object_component_ref idref="oc-43"/>
      </symbol>
      <symbol id="sm-533">
         <name>__aeabi_memset</name>
         <value>0x37a7</value>
         <object_component_ref idref="oc-b3"/>
      </symbol>
      <symbol id="sm-534">
         <name>memset</name>
         <value>0x37ad</value>
         <object_component_ref idref="oc-b3"/>
      </symbol>
      <symbol id="sm-535">
         <name>__aeabi_memset8</name>
         <value>0x37a7</value>
         <object_component_ref idref="oc-b3"/>
      </symbol>
      <symbol id="sm-536">
         <name>__aeabi_memset4</name>
         <value>0x37a7</value>
         <object_component_ref idref="oc-b3"/>
      </symbol>
      <symbol id="sm-537">
         <name>__aeabi_memclr8</name>
         <value>0x37a5</value>
         <object_component_ref idref="oc-b3"/>
      </symbol>
      <symbol id="sm-538">
         <name>__aeabi_memclr4</name>
         <value>0x37a5</value>
         <object_component_ref idref="oc-b3"/>
      </symbol>
      <symbol id="sm-539">
         <name>__aeabi_memclr</name>
         <value>0x37a5</value>
         <object_component_ref idref="oc-b3"/>
      </symbol>
      <symbol id="sm-54b">
         <name>__TI_zero_init</name>
         <value>0x39d3</value>
         <object_component_ref idref="oc-55"/>
      </symbol>
      <symbol id="sm-562">
         <name>__TI_decompress_none</name>
         <value>0x39c5</value>
         <object_component_ref idref="oc-18"/>
      </symbol>
      <symbol id="sm-585">
         <name>__TI_decompress_lzss</name>
         <value>0x381f</value>
         <object_component_ref idref="oc-12"/>
      </symbol>
      <symbol id="sm-598">
         <name>__stack</name>
         <value>0x20007750</value>
         <object_component_ref idref="oc-21"/>
      </symbol>
      <symbol id="sm-599">
         <name>_c_int00_noargs</name>
         <value>0x3905</value>
         <object_component_ref idref="oc-61"/>
      </symbol>
      <symbol id="sm-5a4">
         <name>C$$EXIT</name>
         <value>0x3a01</value>
         <object_component_ref idref="oc-138"/>
      </symbol>
      <symbol id="sm-5a5">
         <name>abort</name>
         <value>0x3a01</value>
         <object_component_ref idref="oc-138"/>
      </symbol>
      <symbol id="sm-5cf">
         <name>__TI_auto_init_nobinit_nopinit</name>
         <value>0x3889</value>
         <object_component_ref idref="oc-144"/>
      </symbol>
      <symbol id="sm-5d9">
         <name>_system_pre_init</name>
         <value>0x39fd</value>
         <object_component_ref idref="oc-b9"/>
      </symbol>
      <symbol id="sm-616">
         <name>GPIOPinTypeGPIOInput</name>
         <value>0x39b3</value>
         <object_component_ref idref="oc-1de"/>
      </symbol>
      <symbol id="sm-617">
         <name>GPIOPinTypeGPIOOutput</name>
         <value>0x399b</value>
         <object_component_ref idref="oc-1d8"/>
      </symbol>
      <symbol id="sm-618">
         <name>GPIOPinRead</name>
         <value>0x39eb</value>
         <object_component_ref idref="oc-1ea"/>
      </symbol>
      <symbol id="sm-619">
         <name>GPIODirModeSet</name>
         <value>0x3971</value>
         <object_component_ref idref="oc-24f"/>
      </symbol>
      <symbol id="sm-61a">
         <name>GPIOPinWrite</name>
         <value>0x39f1</value>
         <object_component_ref idref="oc-1ba"/>
      </symbol>
      <symbol id="sm-61b">
         <name>GPIOPadConfigSet</name>
         <value>0x3225</value>
         <object_component_ref idref="oc-1e4"/>
      </symbol>
      <symbol id="sm-653">
         <name>SysCtlClockSet</name>
         <value>0x3481</value>
         <object_component_ref idref="oc-12b"/>
      </symbol>
      <symbol id="sm-654">
         <name>SysCtlDelay</name>
         <value>0x39f7</value>
         <object_component_ref idref="oc-1ac"/>
      </symbol>
      <symbol id="sm-655">
         <name>SysCtlPeripheralEnable</name>
         <value>0x393d</value>
         <object_component_ref idref="oc-1cc"/>
      </symbol>
      <symbol id="sm-656">
         <name>SysCtlPeripheralReady</name>
         <value>0x38cd</value>
         <object_component_ref idref="oc-1d2"/>
      </symbol>
      <symbol id="sm-658">
         <name>__TI_static_base__</name>
         <value>0x0</value>
      </symbol>
      <symbol id="sm-65b">
         <name>__mpu_init</name>
         <value>0x0</value>
      </symbol>
      <symbol id="sm-65c">
         <name>_system_post_cinit</name>
         <value>0x0</value>
      </symbol>
   </symbol_table>
   <title>Link successful</title>
</link_info>
